[35m[1mConsolidate compiler generated dependencies of target gim_kinematics[0m
[35m[1mConsolidate compiler generated dependencies of target gim_trajectory[0m
[ 33%] Built target gim_trajectory
[ 33%] Built target gim_control_interface
[ 66%] Built target gim_kinematics
[35m[1mConsolidate compiler generated dependencies of target trajectory_simulator_node[0m
[35m[1mConsolidate compiler generated dependencies of target gim_control_node[0m
[100%] Built target gim_control_node
[100%] Built target trajectory_simulator_node
-- Install configuration: ""
-- Execute custom install script
-- Up-to-date symlink: /home/tue/gim_control/install/gim_control/share/gim_control/environment/library_path.sh
-- Up-to-date symlink: /home/tue/gim_control/install/gim_control/share/gim_control/environment/library_path.dsv
-- Up-to-date symlink: /home/tue/gim_control/install/gim_control/lib/libgim_control_interface.a
-- Up-to-date symlink: /home/tue/gim_control/install/gim_control/lib/libgim_kinematics.a
-- Up-to-date symlink: /home/tue/gim_control/install/gim_control/lib/libgim_trajectory.a
-- Up-to-date symlink: /home/tue/gim_control/install/gim_control/lib/gim_control/gim_control_node
-- Up-to-date symlink: /home/tue/gim_control/install/gim_control/lib/gim_control/trajectory_simulator_node
-- Up-to-date symlink: /home/tue/gim_control/install/gim_control/share/gim_control/urdf/assets/full/base_link.stl
-- Up-to-date symlink: /home/tue/gim_control/install/gim_control/share/gim_control/urdf/assets/full/lower_arm_link.stl
-- Up-to-date symlink: /home/tue/gim_control/install/gim_control/share/gim_control/urdf/assets/full/shoulder_link.stl
-- Up-to-date symlink: /home/tue/gim_control/install/gim_control/share/gim_control/urdf/assets/full/upper_arm_link.stl
-- Up-to-date symlink: /home/tue/gim_control/install/gim_control/share/gim_control/urdf/gim_arm.urdf
-- Up-to-date symlink: /home/tue/gim_control/install/gim_control/share/gim_control/urdf/mujoco_description.xml
-- Up-to-date symlink: /home/tue/gim_control/install/gim_control/share/gim_control/urdf/robot_description_formatted.urdf
-- Up-to-date symlink: /home/tue/gim_control/install/gim_control/share/gim_control/meshes/base_link.STL
-- Up-to-date symlink: /home/tue/gim_control/install/gim_control/share/gim_control/meshes/lower_arm_link.STL
-- Up-to-date symlink: /home/tue/gim_control/install/gim_control/share/gim_control/meshes/shoulder_link.STL
-- Up-to-date symlink: /home/tue/gim_control/install/gim_control/share/gim_control/meshes/upper_arm_link.STL
-- Up-to-date symlink: /home/tue/gim_control/install/gim_control/share/gim_control/launch/display.launch.py
-- Up-to-date symlink: /home/tue/gim_control/install/gim_control/share/gim_control/launch/mujoco.launch.py
-- Up-to-date symlink: /home/tue/gim_control/install/gim_control/share/gim_control/rviz/urdf.rviz
-- Up-to-date symlink: /home/tue/gim_control/install/gim_control/share/gim_control/config/controllers.yaml
-- Up-to-date symlink: /home/tue/gim_control/install/gim_control/share/ament_index/resource_index/package_run_dependencies/gim_control
-- Up-to-date symlink: /home/tue/gim_control/install/gim_control/share/ament_index/resource_index/parent_prefix_path/gim_control
-- Up-to-date symlink: /home/tue/gim_control/install/gim_control/share/gim_control/environment/ament_prefix_path.sh
-- Up-to-date symlink: /home/tue/gim_control/install/gim_control/share/gim_control/environment/ament_prefix_path.dsv
-- Up-to-date symlink: /home/tue/gim_control/install/gim_control/share/gim_control/environment/path.sh
-- Up-to-date symlink: /home/tue/gim_control/install/gim_control/share/gim_control/environment/path.dsv
-- Up-to-date symlink: /home/tue/gim_control/install/gim_control/share/gim_control/local_setup.bash
-- Up-to-date symlink: /home/tue/gim_control/install/gim_control/share/gim_control/local_setup.sh
-- Up-to-date symlink: /home/tue/gim_control/install/gim_control/share/gim_control/local_setup.zsh
-- Up-to-date symlink: /home/tue/gim_control/install/gim_control/share/gim_control/local_setup.dsv
-- Symlinking: /home/tue/gim_control/install/gim_control/share/gim_control/package.dsv
-- Up-to-date symlink: /home/tue/gim_control/install/gim_control/share/ament_index/resource_index/packages/gim_control
-- Up-to-date symlink: /home/tue/gim_control/install/gim_control/share/gim_control/cmake/ament_cmake_export_dependencies-extras.cmake
-- Up-to-date symlink: /home/tue/gim_control/install/gim_control/share/gim_control/cmake/ament_cmake_export_libraries-extras.cmake
-- Up-to-date symlink: /home/tue/gim_control/install/gim_control/share/gim_control/cmake/gim_controlConfig.cmake
-- Up-to-date symlink: /home/tue/gim_control/install/gim_control/share/gim_control/cmake/gim_controlConfig-version.cmake
-- Up-to-date symlink: /home/tue/gim_control/install/gim_control/share/gim_control/package.xml
-- Up-to-date: /home/tue/gim_control/install/gim_control/include
-- Up-to-date: /home/tue/gim_control/install/gim_control/include
-- Up-to-date: /home/tue/gim_control/install/gim_control/include/fk.hpp
-- Up-to-date: /home/tue/gim_control/install/gim_control/include/ik.hpp
-- Up-to-date: /home/tue/gim_control/install/gim_control/include/jacobian.hpp
-- Up-to-date: /home/tue/gim_control/install/gim_control/include/utils.hpp
-- Up-to-date: /home/tue/gim_control/install/gim_control/include
-- Up-to-date: /home/tue/gim_control/install/gim_control/include/trajectory.hpp
