[0.015s] Invoking command in '/home/tue/gim_control/build/gim_control': CMAKE_PREFIX_PATH=${CMAKE_PREFIX_PATH}:/opt/ros/humble /usr/bin/cmake --build /home/tue/gim_control/build/gim_control -- -j12 -l12
[0.060s] [35m[1mConsolidate compiler generated dependencies of target gim_kinematics[0m
[0.062s] [35m[1mConsolidate compiler generated dependencies of target gim_trajectory[0m
[0.079s] [ 33%] Built target gim_trajectory
[0.079s] [ 33%] Built target gim_control_interface
[0.081s] [ 66%] Built target gim_kinematics
[0.093s] [35m[1mConsolidate compiler generated dependencies of target trajectory_simulator_node[0m
[0.094s] [35m[1mConsolidate compiler generated dependencies of target gim_control_node[0m
[0.115s] [100%] Built target gim_control_node
[0.115s] [100%] Built target trajectory_simulator_node
[0.128s] Invoked command in '/home/tue/gim_control/build/gim_control' returned '0': CMAKE_PREFIX_PATH=${CMAKE_PREFIX_PATH}:/opt/ros/humble /usr/bin/cmake --build /home/tue/gim_control/build/gim_control -- -j12 -l12
[0.141s] Invoking command in '/home/tue/gim_control/build/gim_control': CMAKE_PREFIX_PATH=${CMAKE_PREFIX_PATH}:/opt/ros/humble /usr/bin/cmake --install /home/tue/gim_control/build/gim_control
[0.148s] -- Install configuration: ""
[0.148s] -- Execute custom install script
[0.148s] -- Up-to-date symlink: /home/tue/gim_control/install/gim_control/share/gim_control/environment/library_path.sh
[0.148s] -- Up-to-date symlink: /home/tue/gim_control/install/gim_control/share/gim_control/environment/library_path.dsv
[0.149s] -- Up-to-date symlink: /home/tue/gim_control/install/gim_control/lib/libgim_control_interface.a
[0.149s] -- Up-to-date symlink: /home/tue/gim_control/install/gim_control/lib/libgim_kinematics.a
[0.149s] -- Up-to-date symlink: /home/tue/gim_control/install/gim_control/lib/libgim_trajectory.a
[0.149s] -- Up-to-date symlink: /home/tue/gim_control/install/gim_control/lib/gim_control/gim_control_node
[0.149s] -- Up-to-date symlink: /home/tue/gim_control/install/gim_control/lib/gim_control/trajectory_simulator_node
[0.150s] -- Up-to-date symlink: /home/tue/gim_control/install/gim_control/share/gim_control/urdf/assets/full/base_link.stl
[0.150s] -- Up-to-date symlink: /home/tue/gim_control/install/gim_control/share/gim_control/urdf/assets/full/lower_arm_link.stl
[0.150s] -- Up-to-date symlink: /home/tue/gim_control/install/gim_control/share/gim_control/urdf/assets/full/shoulder_link.stl
[0.150s] -- Up-to-date symlink: /home/tue/gim_control/install/gim_control/share/gim_control/urdf/assets/full/upper_arm_link.stl
[0.150s] -- Up-to-date symlink: /home/tue/gim_control/install/gim_control/share/gim_control/urdf/gim_arm.urdf
[0.150s] -- Up-to-date symlink: /home/tue/gim_control/install/gim_control/share/gim_control/urdf/mujoco_description.xml
[0.150s] -- Up-to-date symlink: /home/tue/gim_control/install/gim_control/share/gim_control/urdf/robot_description_formatted.urdf
[0.150s] -- Up-to-date symlink: /home/tue/gim_control/install/gim_control/share/gim_control/meshes/base_link.STL
[0.151s] -- Up-to-date symlink: /home/tue/gim_control/install/gim_control/share/gim_control/meshes/lower_arm_link.STL
[0.151s] -- Up-to-date symlink: /home/tue/gim_control/install/gim_control/share/gim_control/meshes/shoulder_link.STL
[0.151s] -- Up-to-date symlink: /home/tue/gim_control/install/gim_control/share/gim_control/meshes/upper_arm_link.STL
[0.151s] -- Up-to-date symlink: /home/tue/gim_control/install/gim_control/share/gim_control/launch/display.launch.py
[0.151s] -- Up-to-date symlink: /home/tue/gim_control/install/gim_control/share/gim_control/launch/mujoco.launch.py
[0.151s] -- Up-to-date symlink: /home/tue/gim_control/install/gim_control/share/gim_control/rviz/urdf.rviz
[0.152s] -- Up-to-date symlink: /home/tue/gim_control/install/gim_control/share/gim_control/config/controllers.yaml
[0.152s] -- Up-to-date symlink: /home/tue/gim_control/install/gim_control/share/ament_index/resource_index/package_run_dependencies/gim_control
[0.152s] -- Up-to-date symlink: /home/tue/gim_control/install/gim_control/share/ament_index/resource_index/parent_prefix_path/gim_control
[0.152s] -- Up-to-date symlink: /home/tue/gim_control/install/gim_control/share/gim_control/environment/ament_prefix_path.sh
[0.152s] -- Up-to-date symlink: /home/tue/gim_control/install/gim_control/share/gim_control/environment/ament_prefix_path.dsv
[0.152s] -- Up-to-date symlink: /home/tue/gim_control/install/gim_control/share/gim_control/environment/path.sh
[0.152s] -- Up-to-date symlink: /home/tue/gim_control/install/gim_control/share/gim_control/environment/path.dsv
[0.153s] -- Up-to-date symlink: /home/tue/gim_control/install/gim_control/share/gim_control/local_setup.bash
[0.153s] -- Up-to-date symlink: /home/tue/gim_control/install/gim_control/share/gim_control/local_setup.sh
[0.153s] -- Up-to-date symlink: /home/tue/gim_control/install/gim_control/share/gim_control/local_setup.zsh
[0.153s] -- Up-to-date symlink: /home/tue/gim_control/install/gim_control/share/gim_control/local_setup.dsv
[0.153s] -- Symlinking: /home/tue/gim_control/install/gim_control/share/gim_control/package.dsv
[0.164s] -- Up-to-date symlink: /home/tue/gim_control/install/gim_control/share/ament_index/resource_index/packages/gim_control
[0.164s] -- Up-to-date symlink: /home/tue/gim_control/install/gim_control/share/gim_control/cmake/ament_cmake_export_dependencies-extras.cmake
[0.165s] -- Up-to-date symlink: /home/tue/gim_control/install/gim_control/share/gim_control/cmake/ament_cmake_export_libraries-extras.cmake
[0.165s] -- Up-to-date symlink: /home/tue/gim_control/install/gim_control/share/gim_control/cmake/gim_controlConfig.cmake
[0.165s] -- Up-to-date symlink: /home/tue/gim_control/install/gim_control/share/gim_control/cmake/gim_controlConfig-version.cmake
[0.165s] -- Up-to-date symlink: /home/tue/gim_control/install/gim_control/share/gim_control/package.xml
[0.165s] -- Up-to-date: /home/tue/gim_control/install/gim_control/include
[0.165s] -- Up-to-date: /home/tue/gim_control/install/gim_control/include
[0.165s] -- Up-to-date: /home/tue/gim_control/install/gim_control/include/fk.hpp
[0.165s] -- Up-to-date: /home/tue/gim_control/install/gim_control/include/ik.hpp
[0.165s] -- Up-to-date: /home/tue/gim_control/install/gim_control/include/jacobian.hpp
[0.165s] -- Up-to-date: /home/tue/gim_control/install/gim_control/include/utils.hpp
[0.165s] -- Up-to-date: /home/tue/gim_control/install/gim_control/include
[0.165s] -- Up-to-date: /home/tue/gim_control/install/gim_control/include/trajectory.hpp
[0.168s] Invoked command in '/home/tue/gim_control/build/gim_control' returned '0': CMAKE_PREFIX_PATH=${CMAKE_PREFIX_PATH}:/opt/ros/humble /usr/bin/cmake --install /home/tue/gim_control/build/gim_control
