[0.012s] Invoking command in '/home/tue/gim_control/build/gim_control': CMAKE_PREFIX_PATH=${CMAKE_PREFIX_PATH}:/opt/ros/humble /usr/bin/cmake --build /home/tue/gim_control/build/gim_control -- -j12 -l12
[0.075s] [ 50%] Built target gim_control_interface
[0.106s] [100%] Built target gim_control_node
[0.123s] Invoked command in '/home/tue/gim_control/build/gim_control' returned '0': CMAKE_PREFIX_PATH=${CMAKE_PREFIX_PATH}:/opt/ros/humble /usr/bin/cmake --build /home/tue/gim_control/build/gim_control -- -j12 -l12
[0.135s] Invoking command in '/home/tue/gim_control/build/gim_control': CMAKE_PREFIX_PATH=${CMAKE_PREFIX_PATH}:/opt/ros/humble /usr/bin/cmake --install /home/tue/gim_control/build/gim_control
[0.142s] -- Install configuration: ""
[0.143s] -- Up-to-date: /home/tue/gim_control/install/gim_control/share/gim_control/environment/library_path.sh
[0.143s] -- Up-to-date: /home/tue/gim_control/install/gim_control/share/gim_control/environment/library_path.dsv
[0.143s] -- Up-to-date: /home/tue/gim_control/install/gim_control/lib/libgim_control_interface.a
[0.143s] -- Up-to-date: /home/tue/gim_control/install/gim_control/lib/gim_control/gim_control_node
[0.143s] -- Up-to-date: /home/tue/gim_control/install/gim_control/include
[0.143s] -- Up-to-date: /home/tue/gim_control/install/gim_control/include/ros2_gim_control
[0.143s] -- Up-to-date: /home/tue/gim_control/install/gim_control/include/ros2_gim_control/gim_control_interface.hpp
[0.144s] -- Up-to-date: /home/tue/gim_control/install/gim_control/include/gim_control
[0.144s] -- Up-to-date: /home/tue/gim_control/install/gim_control/share/gim_control/urdf
[0.144s] -- Up-to-date: /home/tue/gim_control/install/gim_control/share/gim_control/urdf/assets
[0.144s] -- Up-to-date: /home/tue/gim_control/install/gim_control/share/gim_control/urdf/assets/decomposed
[0.144s] -- Up-to-date: /home/tue/gim_control/install/gim_control/share/gim_control/urdf/assets/full
[0.144s] -- Up-to-date: /home/tue/gim_control/install/gim_control/share/gim_control/urdf/assets/full/upper_arm_link.stl
[0.144s] -- Up-to-date: /home/tue/gim_control/install/gim_control/share/gim_control/urdf/assets/full/lower_arm_link.stl
[0.144s] -- Up-to-date: /home/tue/gim_control/install/gim_control/share/gim_control/urdf/assets/full/base_link.stl
[0.144s] -- Up-to-date: /home/tue/gim_control/install/gim_control/share/gim_control/urdf/assets/full/shoulder_link.stl
[0.144s] -- Installing: /home/tue/gim_control/install/gim_control/share/gim_control/urdf/gim_arm.urdf
[0.144s] -- Up-to-date: /home/tue/gim_control/install/gim_control/share/gim_control/urdf/mujoco_description.xml
[0.144s] -- Up-to-date: /home/tue/gim_control/install/gim_control/share/gim_control/urdf/robot_description_formatted.urdf
[0.144s] -- Up-to-date: /home/tue/gim_control/install/gim_control/share/gim_control/meshes
[0.144s] -- Up-to-date: /home/tue/gim_control/install/gim_control/share/gim_control/meshes/base_link.STL
[0.144s] -- Up-to-date: /home/tue/gim_control/install/gim_control/share/gim_control/meshes/upper_arm_link.STL
[0.145s] -- Up-to-date: /home/tue/gim_control/install/gim_control/share/gim_control/meshes/lower_arm_link.STL
[0.145s] -- Up-to-date: /home/tue/gim_control/install/gim_control/share/gim_control/meshes/shoulder_link.STL
[0.145s] -- Up-to-date: /home/tue/gim_control/install/gim_control/share/gim_control/launch
[0.145s] -- Up-to-date: /home/tue/gim_control/install/gim_control/share/gim_control/launch/simulate.launch.py
[0.145s] -- Up-to-date: /home/tue/gim_control/install/gim_control/share/gim_control/launch/display.launch.py
[0.145s] -- Up-to-date: /home/tue/gim_control/install/gim_control/share/gim_control/launch/mujoco.launch.py
[0.145s] -- Up-to-date: /home/tue/gim_control/install/gim_control/share/gim_control/launch/gim_control.launch.py
[0.145s] -- Up-to-date: /home/tue/gim_control/install/gim_control/share/gim_control/rviz
[0.145s] -- Up-to-date: /home/tue/gim_control/install/gim_control/share/gim_control/rviz/urdf.rviz
[0.145s] -- Up-to-date: /home/tue/gim_control/install/gim_control/share/gim_control/config
[0.146s] -- Up-to-date: /home/tue/gim_control/install/gim_control/share/gim_control/config/controllers.yaml
[0.146s] -- Up-to-date: /home/tue/gim_control/install/gim_control/share/ament_index/resource_index/package_run_dependencies/gim_control
[0.146s] -- Up-to-date: /home/tue/gim_control/install/gim_control/share/ament_index/resource_index/parent_prefix_path/gim_control
[0.146s] -- Up-to-date: /home/tue/gim_control/install/gim_control/share/gim_control/environment/ament_prefix_path.sh
[0.146s] -- Up-to-date: /home/tue/gim_control/install/gim_control/share/gim_control/environment/ament_prefix_path.dsv
[0.146s] -- Up-to-date: /home/tue/gim_control/install/gim_control/share/gim_control/environment/path.sh
[0.146s] -- Up-to-date: /home/tue/gim_control/install/gim_control/share/gim_control/environment/path.dsv
[0.146s] -- Up-to-date: /home/tue/gim_control/install/gim_control/share/gim_control/local_setup.bash
[0.146s] -- Up-to-date: /home/tue/gim_control/install/gim_control/share/gim_control/local_setup.sh
[0.146s] -- Up-to-date: /home/tue/gim_control/install/gim_control/share/gim_control/local_setup.zsh
[0.146s] -- Up-to-date: /home/tue/gim_control/install/gim_control/share/gim_control/local_setup.dsv
[0.146s] -- Installing: /home/tue/gim_control/install/gim_control/share/gim_control/package.dsv
[0.147s] -- Up-to-date: /home/tue/gim_control/install/gim_control/share/ament_index/resource_index/packages/gim_control
[0.147s] -- Up-to-date: /home/tue/gim_control/install/gim_control/share/gim_control/cmake/ament_cmake_export_dependencies-extras.cmake
[0.147s] -- Up-to-date: /home/tue/gim_control/install/gim_control/share/gim_control/cmake/ament_cmake_export_libraries-extras.cmake
[0.147s] -- Up-to-date: /home/tue/gim_control/install/gim_control/share/gim_control/cmake/gim_controlConfig.cmake
[0.147s] -- Up-to-date: /home/tue/gim_control/install/gim_control/share/gim_control/cmake/gim_controlConfig-version.cmake
[0.147s] -- Up-to-date: /home/tue/gim_control/install/gim_control/share/gim_control/package.xml
[0.147s] Invoked command in '/home/tue/gim_control/build/gim_control' returned '0': CMAKE_PREFIX_PATH=${CMAKE_PREFIX_PATH}:/opt/ros/humble /usr/bin/cmake --install /home/tue/gim_control/build/gim_control
