-- Found ament_cmake: 1.3.14 (/opt/ros/humble/share/ament_cmake/cmake)
-- Found rclcpp: 16.0.19 (/opt/ros/humble/share/rclcpp/cmake)
-- Found rosidl_generator_c: 3.1.9 (/opt/ros/humble/share/rosidl_generator_c/cmake)
-- Found rosidl_adapter: 3.1.9 (/opt/ros/humble/share/rosidl_adapter/cmake)
-- Found rosidl_generator_cpp: 3.1.9 (/opt/ros/humble/share/rosidl_generator_cpp/cmake)
-- Using all available rosidl_typesupport_c: rosidl_typesupport_fastrtps_c;rosidl_typesupport_introspection_c
-- Using all available rosidl_typesupport_cpp: rosidl_typesupport_fastrtps_cpp;rosidl_typesupport_introspection_cpp
-- Found rmw_implementation_cmake: 6.1.2 (/opt/ros/humble/share/rmw_implementation_cmake/cmake)
-- Found rmw_fastrtps_cpp: 6.2.10 (/opt/ros/humble/share/rmw_fastrtps_cpp/cmake)
-- Using RMW implementation 'rmw_fastrtps_cpp' as default
-- Found sensor_msgs: 4.9.1 (/opt/ros/humble/share/sensor_msgs/cmake)
-- Found ament_lint_auto: 0.12.15 (/opt/ros/humble/share/ament_lint_auto/cmake)
-- Added test 'cppcheck' to perform static code analysis on C / C++ code
-- Configured cppcheck include dirs: $<BUILD_INTERFACE:/home/tue/gim_control/src/robot_kinematic/include>;$<BUILD_INTERFACE:/home/tue/gim_control/src/robot_trajectory/include>;$<BUILD_INTERFACE:/home/tue/gim_control/src/robot_hardware/include>;/home/tue/gim_control/src/robot_hardware/include
-- Configured cppcheck exclude dirs and/or files: 
-- Added test 'flake8' to check Python code syntax and style conventions
-- Added test 'lint_cmake' to check CMake code style
-- Added test 'pep257' to check Python code against some of the docstring style conventions in PEP 257
-- Added test 'uncrustify' to check C / C++ code style
-- Configured uncrustify additional arguments: 
-- Added test 'xmllint' to check XML markup files
-- Configuring done
-- Generating done
-- Build files have been written to: /home/tue/gim_control/build/gim_control
Consolidate compiler generated dependencies of target gim_trajectory
Consolidate compiler generated dependencies of target gim_kinematics
Consolidate compiler generated dependencies of target gim_control_interface
[ 14%] Built target gim_trajectory
[ 42%] Built target gim_kinematics
[ 50%] Building CXX object CMakeFiles/gim_control_interface.dir/src/robot_hardware/src/gim_control_interface.cpp.o
Consolidate compiler generated dependencies of target trajectory_simulator_node
[ 64%] Built target trajectory_simulator_node
[ 71%] Linking CXX static library libgim_control_interface.a
[ 71%] Built target gim_control_interface
Consolidate compiler generated dependencies of target impedance_simulator_node
Consolidate compiler generated dependencies of target gim_control_node
[ 85%] Building CXX object CMakeFiles/impedance_simulator_node.dir/src/impedance_simulator_node.cpp.o
[ 85%] Building CXX object CMakeFiles/gim_control_node.dir/src/main.cpp.o
[ 92%] Linking CXX executable gim_control_node
[ 92%] Built target gim_control_node
[100%] Linking CXX executable impedance_simulator_node
[100%] Built target impedance_simulator_node
-- Install configuration: ""
-- Up-to-date: /home/tue/gim_control/install/gim_control/share/gim_control/environment/library_path.sh
-- Installing: /home/tue/gim_control/install/gim_control/share/gim_control/environment/library_path.dsv
-- Installing: /home/tue/gim_control/install/gim_control/lib/libgim_control_interface.a
-- Up-to-date: /home/tue/gim_control/install/gim_control/lib/libgim_kinematics.a
-- Up-to-date: /home/tue/gim_control/install/gim_control/lib/libgim_trajectory.a
-- Installing: /home/tue/gim_control/install/gim_control/lib/gim_control/gim_control_node
-- Set runtime path of "/home/tue/gim_control/install/gim_control/lib/gim_control/gim_control_node" to ""
-- Up-to-date: /home/tue/gim_control/install/gim_control/lib/gim_control/trajectory_simulator_node
-- Installing: /home/tue/gim_control/install/gim_control/lib/gim_control/impedance_simulator_node
-- Set runtime path of "/home/tue/gim_control/install/gim_control/lib/gim_control/impedance_simulator_node" to ""
-- Up-to-date: /home/tue/gim_control/install/gim_control/include
-- Installing: /home/tue/gim_control/install/gim_control/include/gim_control_interface.hpp
-- Up-to-date: /home/tue/gim_control/install/gim_control/include
-- Up-to-date: /home/tue/gim_control/install/gim_control/include/fk.hpp
-- Up-to-date: /home/tue/gim_control/install/gim_control/include/ik.hpp
-- Up-to-date: /home/tue/gim_control/install/gim_control/include/jacobian.hpp
-- Up-to-date: /home/tue/gim_control/install/gim_control/include/utils.hpp
-- Up-to-date: /home/tue/gim_control/install/gim_control/include
-- Up-to-date: /home/tue/gim_control/install/gim_control/include/trajectory.hpp
-- Up-to-date: /home/tue/gim_control/install/gim_control/share/gim_control/urdf
-- Up-to-date: /home/tue/gim_control/install/gim_control/share/gim_control/urdf/assets
-- Up-to-date: /home/tue/gim_control/install/gim_control/share/gim_control/urdf/assets/decomposed
-- Up-to-date: /home/tue/gim_control/install/gim_control/share/gim_control/urdf/assets/full
-- Up-to-date: /home/tue/gim_control/install/gim_control/share/gim_control/urdf/assets/full/upper_arm_link.stl
-- Up-to-date: /home/tue/gim_control/install/gim_control/share/gim_control/urdf/assets/full/lower_arm_link.stl
-- Up-to-date: /home/tue/gim_control/install/gim_control/share/gim_control/urdf/assets/full/base_link.stl
-- Up-to-date: /home/tue/gim_control/install/gim_control/share/gim_control/urdf/assets/full/shoulder_link.stl
-- Up-to-date: /home/tue/gim_control/install/gim_control/share/gim_control/urdf/gim_arm.urdf
-- Up-to-date: /home/tue/gim_control/install/gim_control/share/gim_control/urdf/mujoco_description.xml
-- Up-to-date: /home/tue/gim_control/install/gim_control/share/gim_control/urdf/robot_description_formatted.urdf
-- Up-to-date: /home/tue/gim_control/install/gim_control/share/gim_control/meshes
-- Up-to-date: /home/tue/gim_control/install/gim_control/share/gim_control/meshes/base_link.STL
-- Up-to-date: /home/tue/gim_control/install/gim_control/share/gim_control/meshes/upper_arm_link.STL
-- Up-to-date: /home/tue/gim_control/install/gim_control/share/gim_control/meshes/lower_arm_link.STL
-- Up-to-date: /home/tue/gim_control/install/gim_control/share/gim_control/meshes/shoulder_link.STL
-- Up-to-date: /home/tue/gim_control/install/gim_control/share/gim_control/launch
-- Up-to-date: /home/tue/gim_control/install/gim_control/share/gim_control/launch/display.launch.py
-- Up-to-date: /home/tue/gim_control/install/gim_control/share/gim_control/launch/mujoco.launch.py
-- Up-to-date: /home/tue/gim_control/install/gim_control/share/gim_control/rviz
-- Up-to-date: /home/tue/gim_control/install/gim_control/share/gim_control/rviz/urdf.rviz
-- Up-to-date: /home/tue/gim_control/install/gim_control/share/gim_control/config
-- Up-to-date: /home/tue/gim_control/install/gim_control/share/gim_control/config/controllers.yaml
-- Up-to-date: /home/tue/gim_control/install/gim_control/share/ament_index/resource_index/package_run_dependencies/gim_control
-- Up-to-date: /home/tue/gim_control/install/gim_control/share/ament_index/resource_index/parent_prefix_path/gim_control
-- Up-to-date: /home/tue/gim_control/install/gim_control/share/gim_control/environment/ament_prefix_path.sh
-- Installing: /home/tue/gim_control/install/gim_control/share/gim_control/environment/ament_prefix_path.dsv
-- Up-to-date: /home/tue/gim_control/install/gim_control/share/gim_control/environment/path.sh
-- Installing: /home/tue/gim_control/install/gim_control/share/gim_control/environment/path.dsv
-- Up-to-date: /home/tue/gim_control/install/gim_control/share/gim_control/local_setup.bash
-- Up-to-date: /home/tue/gim_control/install/gim_control/share/gim_control/local_setup.sh
-- Up-to-date: /home/tue/gim_control/install/gim_control/share/gim_control/local_setup.zsh
-- Installing: /home/tue/gim_control/install/gim_control/share/gim_control/local_setup.dsv
-- Installing: /home/tue/gim_control/install/gim_control/share/gim_control/package.dsv
-- Up-to-date: /home/tue/gim_control/install/gim_control/share/ament_index/resource_index/packages/gim_control
-- Up-to-date: /home/tue/gim_control/install/gim_control/share/gim_control/cmake/ament_cmake_export_dependencies-extras.cmake
-- Up-to-date: /home/tue/gim_control/install/gim_control/share/gim_control/cmake/ament_cmake_export_libraries-extras.cmake
-- Up-to-date: /home/tue/gim_control/install/gim_control/share/gim_control/cmake/gim_controlConfig.cmake
-- Up-to-date: /home/tue/gim_control/install/gim_control/share/gim_control/cmake/gim_controlConfig-version.cmake
-- Up-to-date: /home/tue/gim_control/install/gim_control/share/gim_control/package.xml
