[0.012s] Invoking command in '/home/tue/gim_control/build/gim_control': CMAKE_PREFIX_PATH=${CMAKE_PREFIX_PATH}:/opt/ros/humble /usr/bin/cmake --build /home/tue/gim_control/build/gim_control -- -j12 -l12
[0.039s] -- Found ament_cmake: 1.3.14 (/opt/ros/humble/share/ament_cmake/cmake)
[0.195s] -- Found rclcpp: 16.0.19 (/opt/ros/humble/share/rclcpp/cmake)
[0.230s] -- Found rosidl_generator_c: 3.1.9 (/opt/ros/humble/share/rosidl_generator_c/cmake)
[0.232s] -- Found rosidl_adapter: 3.1.9 (/opt/ros/humble/share/rosidl_adapter/cmake)
[0.238s] -- Found rosidl_generator_cpp: 3.1.9 (/opt/ros/humble/share/rosidl_generator_cpp/cmake)
[0.247s] -- Using all available rosidl_typesupport_c: rosidl_typesupport_fastrtps_c;rosidl_typesupport_introspection_c
[0.259s] -- Using all available rosidl_typesupport_cpp: rosidl_typesupport_fastrtps_cpp;rosidl_typesupport_introspection_cpp
[0.299s] -- Found rmw_implementation_cmake: 6.1.2 (/opt/ros/humble/share/rmw_implementation_cmake/cmake)
[0.300s] -- Found rmw_fastrtps_cpp: 6.2.10 (/opt/ros/humble/share/rmw_fastrtps_cpp/cmake)
[0.415s] -- Using RMW implementation 'rmw_fastrtps_cpp' as default
[0.470s] -- Found sensor_msgs: 4.9.1 (/opt/ros/humble/share/sensor_msgs/cmake)
[0.514s] -- Found ament_lint_auto: 0.12.15 (/opt/ros/humble/share/ament_lint_auto/cmake)
[0.667s] -- Added test 'cppcheck' to perform static code analysis on C / C++ code
[0.668s] -- Configured cppcheck include dirs: $<BUILD_INTERFACE:/home/tue/gim_control/src/robot_kinematic/include>;$<BUILD_INTERFACE:/home/tue/gim_control/src/robot_trajectory/include>;$<BUILD_INTERFACE:/home/tue/gim_control/src/robot_hardware/include>;/home/tue/gim_control/src/robot_hardware/include
[0.668s] -- Configured cppcheck exclude dirs and/or files: 
[0.677s] -- Added test 'flake8' to check Python code syntax and style conventions
[0.695s] -- Added test 'lint_cmake' to check CMake code style
[0.704s] -- Added test 'pep257' to check Python code against some of the docstring style conventions in PEP 257
[0.775s] -- Added test 'uncrustify' to check C / C++ code style
[0.775s] -- Configured uncrustify additional arguments: 
[0.784s] -- Added test 'xmllint' to check XML markup files
[0.785s] -- Configuring done
[0.809s] -- Generating done
[0.818s] -- Build files have been written to: /home/tue/gim_control/build/gim_control
[0.852s] Consolidate compiler generated dependencies of target gim_trajectory
[0.853s] Consolidate compiler generated dependencies of target gim_kinematics
[0.853s] Consolidate compiler generated dependencies of target gim_control_interface
[0.867s] [ 14%] Built target gim_trajectory
[0.867s] [ 42%] Built target gim_kinematics
[0.870s] [ 50%] Building CXX object CMakeFiles/gim_control_interface.dir/src/robot_hardware/src/gim_control_interface.cpp.o
[0.886s] Consolidate compiler generated dependencies of target trajectory_simulator_node
[0.903s] [ 64%] Built target trajectory_simulator_node
[3.591s] [ 71%] Linking CXX static library libgim_control_interface.a
[3.635s] [ 71%] Built target gim_control_interface
[3.653s] Consolidate compiler generated dependencies of target impedance_simulator_node
[3.653s] Consolidate compiler generated dependencies of target gim_control_node
[3.669s] [ 85%] Building CXX object CMakeFiles/impedance_simulator_node.dir/src/impedance_simulator_node.cpp.o
[3.669s] [ 85%] Building CXX object CMakeFiles/gim_control_node.dir/src/main.cpp.o
[6.219s] [ 92%] Linking CXX executable gim_control_node
[6.370s] [ 92%] Built target gim_control_node
[20.947s] [100%] Linking CXX executable impedance_simulator_node
[22.302s] [100%] Built target impedance_simulator_node
[22.317s] Invoked command in '/home/tue/gim_control/build/gim_control' returned '0': CMAKE_PREFIX_PATH=${CMAKE_PREFIX_PATH}:/opt/ros/humble /usr/bin/cmake --build /home/tue/gim_control/build/gim_control -- -j12 -l12
[22.328s] Invoking command in '/home/tue/gim_control/build/gim_control': CMAKE_PREFIX_PATH=${CMAKE_PREFIX_PATH}:/opt/ros/humble /usr/bin/cmake --install /home/tue/gim_control/build/gim_control
[22.338s] -- Install configuration: ""
[22.338s] -- Up-to-date: /home/tue/gim_control/install/gim_control/share/gim_control/environment/library_path.sh
[22.339s] -- Installing: /home/tue/gim_control/install/gim_control/share/gim_control/environment/library_path.dsv
[22.339s] -- Installing: /home/tue/gim_control/install/gim_control/lib/libgim_control_interface.a
[22.339s] -- Up-to-date: /home/tue/gim_control/install/gim_control/lib/libgim_kinematics.a
[22.339s] -- Up-to-date: /home/tue/gim_control/install/gim_control/lib/libgim_trajectory.a
[22.339s] -- Installing: /home/tue/gim_control/install/gim_control/lib/gim_control/gim_control_node
[22.340s] -- Set runtime path of "/home/tue/gim_control/install/gim_control/lib/gim_control/gim_control_node" to ""
[22.340s] -- Up-to-date: /home/tue/gim_control/install/gim_control/lib/gim_control/trajectory_simulator_node
[22.340s] -- Installing: /home/tue/gim_control/install/gim_control/lib/gim_control/impedance_simulator_node
[22.361s] -- Set runtime path of "/home/tue/gim_control/install/gim_control/lib/gim_control/impedance_simulator_node" to ""
[22.361s] -- Up-to-date: /home/tue/gim_control/install/gim_control/include
[22.361s] -- Installing: /home/tue/gim_control/install/gim_control/include/gim_control_interface.hpp
[22.361s] -- Up-to-date: /home/tue/gim_control/install/gim_control/include
[22.362s] -- Up-to-date: /home/tue/gim_control/install/gim_control/include/fk.hpp
[22.362s] -- Up-to-date: /home/tue/gim_control/install/gim_control/include/ik.hpp
[22.362s] -- Up-to-date: /home/tue/gim_control/install/gim_control/include/jacobian.hpp
[22.362s] -- Up-to-date: /home/tue/gim_control/install/gim_control/include/utils.hpp
[22.362s] -- Up-to-date: /home/tue/gim_control/install/gim_control/include
[22.362s] -- Up-to-date: /home/tue/gim_control/install/gim_control/include/trajectory.hpp
[22.362s] -- Up-to-date: /home/tue/gim_control/install/gim_control/share/gim_control/urdf
[22.362s] -- Up-to-date: /home/tue/gim_control/install/gim_control/share/gim_control/urdf/assets
[22.363s] -- Up-to-date: /home/tue/gim_control/install/gim_control/share/gim_control/urdf/assets/decomposed
[22.363s] -- Up-to-date: /home/tue/gim_control/install/gim_control/share/gim_control/urdf/assets/full
[22.363s] -- Up-to-date: /home/tue/gim_control/install/gim_control/share/gim_control/urdf/assets/full/upper_arm_link.stl
[22.363s] -- Up-to-date: /home/tue/gim_control/install/gim_control/share/gim_control/urdf/assets/full/lower_arm_link.stl
[22.363s] -- Up-to-date: /home/tue/gim_control/install/gim_control/share/gim_control/urdf/assets/full/base_link.stl
[22.363s] -- Up-to-date: /home/tue/gim_control/install/gim_control/share/gim_control/urdf/assets/full/shoulder_link.stl
[22.363s] -- Up-to-date: /home/tue/gim_control/install/gim_control/share/gim_control/urdf/gim_arm.urdf
[22.363s] -- Up-to-date: /home/tue/gim_control/install/gim_control/share/gim_control/urdf/mujoco_description.xml
[22.363s] -- Up-to-date: /home/tue/gim_control/install/gim_control/share/gim_control/urdf/robot_description_formatted.urdf
[22.363s] -- Up-to-date: /home/tue/gim_control/install/gim_control/share/gim_control/meshes
[22.363s] -- Up-to-date: /home/tue/gim_control/install/gim_control/share/gim_control/meshes/base_link.STL
[22.363s] -- Up-to-date: /home/tue/gim_control/install/gim_control/share/gim_control/meshes/upper_arm_link.STL
[22.363s] -- Up-to-date: /home/tue/gim_control/install/gim_control/share/gim_control/meshes/lower_arm_link.STL
[22.363s] -- Up-to-date: /home/tue/gim_control/install/gim_control/share/gim_control/meshes/shoulder_link.STL
[22.363s] -- Up-to-date: /home/tue/gim_control/install/gim_control/share/gim_control/launch
[22.364s] -- Up-to-date: /home/tue/gim_control/install/gim_control/share/gim_control/launch/display.launch.py
[22.364s] -- Up-to-date: /home/tue/gim_control/install/gim_control/share/gim_control/launch/mujoco.launch.py
[22.364s] -- Up-to-date: /home/tue/gim_control/install/gim_control/share/gim_control/rviz
[22.364s] -- Up-to-date: /home/tue/gim_control/install/gim_control/share/gim_control/rviz/urdf.rviz
[22.364s] -- Up-to-date: /home/tue/gim_control/install/gim_control/share/gim_control/config
[22.364s] -- Up-to-date: /home/tue/gim_control/install/gim_control/share/gim_control/config/controllers.yaml
[22.364s] -- Up-to-date: /home/tue/gim_control/install/gim_control/share/ament_index/resource_index/package_run_dependencies/gim_control
[22.364s] -- Up-to-date: /home/tue/gim_control/install/gim_control/share/ament_index/resource_index/parent_prefix_path/gim_control
[22.364s] -- Up-to-date: /home/tue/gim_control/install/gim_control/share/gim_control/environment/ament_prefix_path.sh
[22.364s] -- Installing: /home/tue/gim_control/install/gim_control/share/gim_control/environment/ament_prefix_path.dsv
[22.364s] -- Up-to-date: /home/tue/gim_control/install/gim_control/share/gim_control/environment/path.sh
[22.364s] -- Installing: /home/tue/gim_control/install/gim_control/share/gim_control/environment/path.dsv
[22.364s] -- Up-to-date: /home/tue/gim_control/install/gim_control/share/gim_control/local_setup.bash
[22.364s] -- Up-to-date: /home/tue/gim_control/install/gim_control/share/gim_control/local_setup.sh
[22.364s] -- Up-to-date: /home/tue/gim_control/install/gim_control/share/gim_control/local_setup.zsh
[22.364s] -- Installing: /home/tue/gim_control/install/gim_control/share/gim_control/local_setup.dsv
[22.364s] -- Installing: /home/tue/gim_control/install/gim_control/share/gim_control/package.dsv
[22.365s] -- Up-to-date: /home/tue/gim_control/install/gim_control/share/ament_index/resource_index/packages/gim_control
[22.365s] -- Up-to-date: /home/tue/gim_control/install/gim_control/share/gim_control/cmake/ament_cmake_export_dependencies-extras.cmake
[22.365s] -- Up-to-date: /home/tue/gim_control/install/gim_control/share/gim_control/cmake/ament_cmake_export_libraries-extras.cmake
[22.365s] -- Up-to-date: /home/tue/gim_control/install/gim_control/share/gim_control/cmake/gim_controlConfig.cmake
[22.365s] -- Up-to-date: /home/tue/gim_control/install/gim_control/share/gim_control/cmake/gim_controlConfig-version.cmake
[22.365s] -- Up-to-date: /home/tue/gim_control/install/gim_control/share/gim_control/package.xml
[22.366s] Invoked command in '/home/tue/gim_control/build/gim_control' returned '0': CMAKE_PREFIX_PATH=${CMAKE_PREFIX_PATH}:/opt/ros/humble /usr/bin/cmake --install /home/tue/gim_control/build/gim_control
