[0.014s] Invoking command in '/home/tue/gim_control/build/gim_control': CMAKE_PREFIX_PATH=${CMAKE_PREFIX_PATH}:/opt/ros/humble /usr/bin/cmake --build /home/tue/gim_control/build/gim_control -- -j12 -l12
[0.084s] [ 50%] Built target gim_control_interface
[0.119s] [100%] Built target gim_control_node
[0.135s] Invoked command in '/home/tue/gim_control/build/gim_control' returned '0': CMAKE_PREFIX_PATH=${CMAKE_PREFIX_PATH}:/opt/ros/humble /usr/bin/cmake --build /home/tue/gim_control/build/gim_control -- -j12 -l12
[0.149s] Invoking command in '/home/tue/gim_control/build/gim_control': CMAKE_PREFIX_PATH=${CMAKE_PREFIX_PATH}:/opt/ros/humble /usr/bin/cmake --install /home/tue/gim_control/build/gim_control
[0.157s] -- Install configuration: ""
[0.157s] -- Up-to-date: /home/tue/gim_control/install/gim_control/share/gim_control/environment/library_path.sh
[0.157s] -- Up-to-date: /home/tue/gim_control/install/gim_control/share/gim_control/environment/library_path.dsv
[0.157s] -- Up-to-date: /home/tue/gim_control/install/gim_control/lib/libgim_control_interface.a
[0.157s] -- Up-to-date: /home/tue/gim_control/install/gim_control/lib/gim_control/gim_control_node
[0.157s] -- Up-to-date: /home/tue/gim_control/install/gim_control/include
[0.157s] -- Up-to-date: /home/tue/gim_control/install/gim_control/include/ros2_gim_control
[0.157s] -- Up-to-date: /home/tue/gim_control/install/gim_control/include/ros2_gim_control/gim_control_interface.hpp
[0.157s] -- Up-to-date: /home/tue/gim_control/install/gim_control/include/gim_control
[0.158s] -- Up-to-date: /home/tue/gim_control/install/gim_control/share/gim_control/urdf
[0.158s] -- Up-to-date: /home/tue/gim_control/install/gim_control/share/gim_control/urdf/gim_arm.urdf
[0.158s] -- Up-to-date: /home/tue/gim_control/install/gim_control/share/gim_control/meshes
[0.158s] -- Up-to-date: /home/tue/gim_control/install/gim_control/share/gim_control/meshes/base_link.STL
[0.158s] -- Up-to-date: /home/tue/gim_control/install/gim_control/share/gim_control/meshes/upper_arm_link.STL
[0.158s] -- Up-to-date: /home/tue/gim_control/install/gim_control/share/gim_control/meshes/lower_arm_link.STL
[0.158s] -- Up-to-date: /home/tue/gim_control/install/gim_control/share/gim_control/meshes/shoulder_link.STL
[0.158s] -- Up-to-date: /home/tue/gim_control/install/gim_control/share/gim_control/launch
[0.158s] -- Installing: /home/tue/gim_control/install/gim_control/share/gim_control/launch/display.launch.py
[0.158s] -- Installing: /home/tue/gim_control/install/gim_control/share/gim_control/launch/gim_control.launch.py
[0.158s] -- Up-to-date: /home/tue/gim_control/install/gim_control/share/gim_control/rviz
[0.158s] -- Installing: /home/tue/gim_control/install/gim_control/share/gim_control/rviz/urdf.rviz
[0.159s] -- Up-to-date: /home/tue/gim_control/install/gim_control/share/ament_index/resource_index/package_run_dependencies/gim_control
[0.159s] -- Up-to-date: /home/tue/gim_control/install/gim_control/share/ament_index/resource_index/parent_prefix_path/gim_control
[0.159s] -- Up-to-date: /home/tue/gim_control/install/gim_control/share/gim_control/environment/ament_prefix_path.sh
[0.159s] -- Up-to-date: /home/tue/gim_control/install/gim_control/share/gim_control/environment/ament_prefix_path.dsv
[0.159s] -- Up-to-date: /home/tue/gim_control/install/gim_control/share/gim_control/environment/path.sh
[0.159s] -- Up-to-date: /home/tue/gim_control/install/gim_control/share/gim_control/environment/path.dsv
[0.159s] -- Up-to-date: /home/tue/gim_control/install/gim_control/share/gim_control/local_setup.bash
[0.159s] -- Up-to-date: /home/tue/gim_control/install/gim_control/share/gim_control/local_setup.sh
[0.159s] -- Up-to-date: /home/tue/gim_control/install/gim_control/share/gim_control/local_setup.zsh
[0.159s] -- Up-to-date: /home/tue/gim_control/install/gim_control/share/gim_control/local_setup.dsv
[0.159s] -- Installing: /home/tue/gim_control/install/gim_control/share/gim_control/package.dsv
[0.160s] -- Up-to-date: /home/tue/gim_control/install/gim_control/share/ament_index/resource_index/packages/gim_control
[0.160s] -- Up-to-date: /home/tue/gim_control/install/gim_control/share/gim_control/cmake/ament_cmake_export_dependencies-extras.cmake
[0.160s] -- Up-to-date: /home/tue/gim_control/install/gim_control/share/gim_control/cmake/ament_cmake_export_libraries-extras.cmake
[0.160s] -- Up-to-date: /home/tue/gim_control/install/gim_control/share/gim_control/cmake/gim_controlConfig.cmake
[0.160s] -- Up-to-date: /home/tue/gim_control/install/gim_control/share/gim_control/cmake/gim_controlConfig-version.cmake
[0.160s] -- Up-to-date: /home/tue/gim_control/install/gim_control/share/gim_control/package.xml
[0.163s] Invoked command in '/home/tue/gim_control/build/gim_control' returned '0': CMAKE_PREFIX_PATH=${CMAKE_PREFIX_PATH}:/opt/ros/humble /usr/bin/cmake --install /home/tue/gim_control/build/gim_control
