[ 50%] Built target gim_control_interface
[100%] Built target gim_control_node
-- Install configuration: ""
-- Up-to-date: /home/tue/gim_control/install/gim_control/share/gim_control/environment/library_path.sh
-- Up-to-date: /home/tue/gim_control/install/gim_control/share/gim_control/environment/library_path.dsv
-- Up-to-date: /home/tue/gim_control/install/gim_control/lib/libgim_control_interface.a
-- Up-to-date: /home/tue/gim_control/install/gim_control/lib/gim_control/gim_control_node
-- Up-to-date: /home/tue/gim_control/install/gim_control/include
-- Up-to-date: /home/tue/gim_control/install/gim_control/include/ros2_gim_control
-- Up-to-date: /home/tue/gim_control/install/gim_control/include/ros2_gim_control/gim_control_interface.hpp
-- Up-to-date: /home/tue/gim_control/install/gim_control/include/gim_control
-- Up-to-date: /home/tue/gim_control/install/gim_control/share/gim_control/urdf
-- Installing: /home/tue/gim_control/install/gim_control/share/gim_control/urdf/assets
-- Installing: /home/tue/gim_control/install/gim_control/share/gim_control/urdf/assets/decomposed
-- Installing: /home/tue/gim_control/install/gim_control/share/gim_control/urdf/assets/full
-- Installing: /home/tue/gim_control/install/gim_control/share/gim_control/urdf/assets/full/upper_arm_link.stl
-- Installing: /home/tue/gim_control/install/gim_control/share/gim_control/urdf/assets/full/lower_arm_link.stl
-- Installing: /home/tue/gim_control/install/gim_control/share/gim_control/urdf/assets/full/base_link.stl
-- Installing: /home/tue/gim_control/install/gim_control/share/gim_control/urdf/assets/full/shoulder_link.stl
-- Installing: /home/tue/gim_control/install/gim_control/share/gim_control/urdf/gim_arm.urdf
-- Installing: /home/tue/gim_control/install/gim_control/share/gim_control/urdf/mujoco_description.xml
-- Installing: /home/tue/gim_control/install/gim_control/share/gim_control/urdf/robot_description_formatted.urdf
-- Up-to-date: /home/tue/gim_control/install/gim_control/share/gim_control/meshes
-- Up-to-date: /home/tue/gim_control/install/gim_control/share/gim_control/meshes/base_link.STL
-- Up-to-date: /home/tue/gim_control/install/gim_control/share/gim_control/meshes/upper_arm_link.STL
-- Up-to-date: /home/tue/gim_control/install/gim_control/share/gim_control/meshes/lower_arm_link.STL
-- Up-to-date: /home/tue/gim_control/install/gim_control/share/gim_control/meshes/shoulder_link.STL
-- Up-to-date: /home/tue/gim_control/install/gim_control/share/gim_control/launch
-- Up-to-date: /home/tue/gim_control/install/gim_control/share/gim_control/launch/simulate.launch.py
-- Up-to-date: /home/tue/gim_control/install/gim_control/share/gim_control/launch/display.launch.py
-- Installing: /home/tue/gim_control/install/gim_control/share/gim_control/launch/mujoco.launch.py
-- Up-to-date: /home/tue/gim_control/install/gim_control/share/gim_control/launch/gim_control.launch.py
-- Up-to-date: /home/tue/gim_control/install/gim_control/share/gim_control/rviz
-- Up-to-date: /home/tue/gim_control/install/gim_control/share/gim_control/rviz/urdf.rviz
-- Up-to-date: /home/tue/gim_control/install/gim_control/share/gim_control/config
-- Up-to-date: /home/tue/gim_control/install/gim_control/share/gim_control/config/controllers.yaml
-- Up-to-date: /home/tue/gim_control/install/gim_control/share/ament_index/resource_index/package_run_dependencies/gim_control
-- Up-to-date: /home/tue/gim_control/install/gim_control/share/ament_index/resource_index/parent_prefix_path/gim_control
-- Up-to-date: /home/tue/gim_control/install/gim_control/share/gim_control/environment/ament_prefix_path.sh
-- Up-to-date: /home/tue/gim_control/install/gim_control/share/gim_control/environment/ament_prefix_path.dsv
-- Up-to-date: /home/tue/gim_control/install/gim_control/share/gim_control/environment/path.sh
-- Up-to-date: /home/tue/gim_control/install/gim_control/share/gim_control/environment/path.dsv
-- Up-to-date: /home/tue/gim_control/install/gim_control/share/gim_control/local_setup.bash
-- Up-to-date: /home/tue/gim_control/install/gim_control/share/gim_control/local_setup.sh
-- Up-to-date: /home/tue/gim_control/install/gim_control/share/gim_control/local_setup.zsh
-- Up-to-date: /home/tue/gim_control/install/gim_control/share/gim_control/local_setup.dsv
-- Installing: /home/tue/gim_control/install/gim_control/share/gim_control/package.dsv
-- Up-to-date: /home/tue/gim_control/install/gim_control/share/ament_index/resource_index/packages/gim_control
-- Up-to-date: /home/tue/gim_control/install/gim_control/share/gim_control/cmake/ament_cmake_export_dependencies-extras.cmake
-- Up-to-date: /home/tue/gim_control/install/gim_control/share/gim_control/cmake/ament_cmake_export_libraries-extras.cmake
-- Up-to-date: /home/tue/gim_control/install/gim_control/share/gim_control/cmake/gim_controlConfig.cmake
-- Up-to-date: /home/tue/gim_control/install/gim_control/share/gim_control/cmake/gim_controlConfig-version.cmake
-- Up-to-date: /home/tue/gim_control/install/gim_control/share/gim_control/package.xml
