-- Found ament_cmake: 1.3.14 (/opt/ros/humble/share/ament_cmake/cmake)
-- Found rclcpp: 16.0.19 (/opt/ros/humble/share/rclcpp/cmake)
-- Found rosidl_generator_c: 3.1.9 (/opt/ros/humble/share/rosidl_generator_c/cmake)
-- Found rosidl_adapter: 3.1.9 (/opt/ros/humble/share/rosidl_adapter/cmake)
-- Found rosidl_generator_cpp: 3.1.9 (/opt/ros/humble/share/rosidl_generator_cpp/cmake)
-- Using all available rosidl_typesupport_c: rosidl_typesupport_fastrtps_c;rosidl_typesupport_introspection_c
-- Using all available rosidl_typesupport_cpp: rosidl_typesupport_fastrtps_cpp;rosidl_typesupport_introspection_cpp
-- Found rmw_implementation_cmake: 6.1.2 (/opt/ros/humble/share/rmw_implementation_cmake/cmake)
-- Found rmw_fastrtps_cpp: 6.2.10 (/opt/ros/humble/share/rmw_fastrtps_cpp/cmake)
-- Using RMW implementation 'rmw_fastrtps_cpp' as default
-- Found sensor_msgs: 4.9.1 (/opt/ros/humble/share/sensor_msgs/cmake)
-- Found ament_lint_auto: 0.12.15 (/opt/ros/humble/share/ament_lint_auto/cmake)
-- Added test 'cppcheck' to perform static code analysis on C / C++ code
-- Configured cppcheck include dirs: $<BUILD_INTERFACE:/home/tue/gim_control/include>;/home/tue/gim_control/include
-- Configured cppcheck exclude dirs and/or files: 
-- Added test 'flake8' to check Python code syntax and style conventions
-- Added test 'lint_cmake' to check CMake code style
-- Added test 'pep257' to check Python code against some of the docstring style conventions in PEP 257
-- Added test 'uncrustify' to check C / C++ code style
-- Configured uncrustify additional arguments: 
-- Added test 'xmllint' to check XML markup files
-- Configuring done
-- Generating done
-- Build files have been written to: /home/tue/gim_control/build/gim_control
[35m[1mConsolidate compiler generated dependencies of target gim_control_interface[0m
[ 50%] Built target gim_control_interface
[35m[1mConsolidate compiler generated dependencies of target gim_control_node[0m
[100%] Built target gim_control_node
-- Install configuration: ""
-- Up-to-date: /home/tue/gim_control/install/gim_control/share/gim_control/environment/library_path.sh
-- Installing: /home/tue/gim_control/install/gim_control/share/gim_control/environment/library_path.dsv
-- Up-to-date: /home/tue/gim_control/install/gim_control/lib/libgim_control_interface.a
-- Up-to-date: /home/tue/gim_control/install/gim_control/lib/gim_control/gim_control_node
-- Up-to-date: /home/tue/gim_control/install/gim_control/include
-- Up-to-date: /home/tue/gim_control/install/gim_control/include/ros2_gim_control
-- Up-to-date: /home/tue/gim_control/install/gim_control/include/ros2_gim_control/gim_control_interface.hpp
-- Up-to-date: /home/tue/gim_control/install/gim_control/include/gim_control
-- Up-to-date: /home/tue/gim_control/install/gim_control/share/gim_control/urdf
-- Installing: /home/tue/gim_control/install/gim_control/share/gim_control/urdf/gim_arm.urdf
-- Up-to-date: /home/tue/gim_control/install/gim_control/share/gim_control/meshes
-- Up-to-date: /home/tue/gim_control/install/gim_control/share/gim_control/meshes/base_link.STL
-- Up-to-date: /home/tue/gim_control/install/gim_control/share/gim_control/meshes/upper_arm_link.STL
-- Up-to-date: /home/tue/gim_control/install/gim_control/share/gim_control/meshes/lower_arm_link.STL
-- Up-to-date: /home/tue/gim_control/install/gim_control/share/gim_control/meshes/shoulder_link.STL
-- Up-to-date: /home/tue/gim_control/install/gim_control/share/gim_control/launch
-- Installing: /home/tue/gim_control/install/gim_control/share/gim_control/launch/simulate.launch.py
-- Up-to-date: /home/tue/gim_control/install/gim_control/share/gim_control/launch/display.launch.py
-- Installing: /home/tue/gim_control/install/gim_control/share/gim_control/launch/mujoco.launch.py
-- Up-to-date: /home/tue/gim_control/install/gim_control/share/gim_control/launch/gim_control.launch.py
-- Up-to-date: /home/tue/gim_control/install/gim_control/share/gim_control/rviz
-- Up-to-date: /home/tue/gim_control/install/gim_control/share/gim_control/rviz/urdf.rviz
-- Installing: /home/tue/gim_control/install/gim_control/share/gim_control/config
-- Installing: /home/tue/gim_control/install/gim_control/share/gim_control/config/controllers.yaml
-- Installing: /home/tue/gim_control/install/gim_control/share/ament_index/resource_index/package_run_dependencies/gim_control
-- Up-to-date: /home/tue/gim_control/install/gim_control/share/ament_index/resource_index/parent_prefix_path/gim_control
-- Up-to-date: /home/tue/gim_control/install/gim_control/share/gim_control/environment/ament_prefix_path.sh
-- Installing: /home/tue/gim_control/install/gim_control/share/gim_control/environment/ament_prefix_path.dsv
-- Up-to-date: /home/tue/gim_control/install/gim_control/share/gim_control/environment/path.sh
-- Installing: /home/tue/gim_control/install/gim_control/share/gim_control/environment/path.dsv
-- Up-to-date: /home/tue/gim_control/install/gim_control/share/gim_control/local_setup.bash
-- Up-to-date: /home/tue/gim_control/install/gim_control/share/gim_control/local_setup.sh
-- Up-to-date: /home/tue/gim_control/install/gim_control/share/gim_control/local_setup.zsh
-- Installing: /home/tue/gim_control/install/gim_control/share/gim_control/local_setup.dsv
-- Installing: /home/tue/gim_control/install/gim_control/share/gim_control/package.dsv
-- Up-to-date: /home/tue/gim_control/install/gim_control/share/ament_index/resource_index/packages/gim_control
-- Up-to-date: /home/tue/gim_control/install/gim_control/share/gim_control/cmake/ament_cmake_export_dependencies-extras.cmake
-- Up-to-date: /home/tue/gim_control/install/gim_control/share/gim_control/cmake/ament_cmake_export_libraries-extras.cmake
-- Up-to-date: /home/tue/gim_control/install/gim_control/share/gim_control/cmake/gim_controlConfig.cmake
-- Up-to-date: /home/tue/gim_control/install/gim_control/share/gim_control/cmake/gim_controlConfig-version.cmake
-- Installing: /home/tue/gim_control/install/gim_control/share/gim_control/package.xml
