[0.014s] Invoking command in '/home/tue/gim_control/build/gim_control': CMAKE_PREFIX_PATH=${CMAKE_PREFIX_PATH}:/opt/ros/humble /usr/bin/cmake --build /home/tue/gim_control/build/gim_control -- -j12 -l12
[0.040s] -- Found ament_cmake: 1.3.14 (/opt/ros/humble/share/ament_cmake/cmake)
[0.156s] -- Found rclcpp: 16.0.19 (/opt/ros/humble/share/rclcpp/cmake)
[0.182s] -- Found rosidl_generator_c: 3.1.9 (/opt/ros/humble/share/rosidl_generator_c/cmake)
[0.184s] -- Found rosidl_adapter: 3.1.9 (/opt/ros/humble/share/rosidl_adapter/cmake)
[0.189s] -- Found rosidl_generator_cpp: 3.1.9 (/opt/ros/humble/share/rosidl_generator_cpp/cmake)
[0.197s] -- Using all available rosidl_typesupport_c: rosidl_typesupport_fastrtps_c;rosidl_typesupport_introspection_c
[0.209s] -- Using all available rosidl_typesupport_cpp: rosidl_typesupport_fastrtps_cpp;rosidl_typesupport_introspection_cpp
[0.237s] -- Found rmw_implementation_cmake: 6.1.2 (/opt/ros/humble/share/rmw_implementation_cmake/cmake)
[0.238s] -- Found rmw_fastrtps_cpp: 6.2.10 (/opt/ros/humble/share/rmw_fastrtps_cpp/cmake)
[0.350s] -- Using RMW implementation 'rmw_fastrtps_cpp' as default
[0.395s] -- Found sensor_msgs: 4.9.1 (/opt/ros/humble/share/sensor_msgs/cmake)
[0.422s] -- Found ament_lint_auto: 0.12.15 (/opt/ros/humble/share/ament_lint_auto/cmake)
[0.505s] -- Added test 'cppcheck' to perform static code analysis on C / C++ code
[0.505s] -- Configured cppcheck include dirs: $<BUILD_INTERFACE:/home/tue/gim_control/include>;/home/tue/gim_control/include
[0.506s] -- Configured cppcheck exclude dirs and/or files: 
[0.509s] -- Added test 'flake8' to check Python code syntax and style conventions
[0.515s] -- Added test 'lint_cmake' to check CMake code style
[0.518s] -- Added test 'pep257' to check Python code against some of the docstring style conventions in PEP 257
[0.536s] -- Added test 'uncrustify' to check C / C++ code style
[0.536s] -- Configured uncrustify additional arguments: 
[0.538s] -- Added test 'xmllint' to check XML markup files
[0.539s] -- Configuring done
[0.553s] -- Generating done
[0.559s] -- Build files have been written to: /home/tue/gim_control/build/gim_control
[0.589s] [35m[1mConsolidate compiler generated dependencies of target gim_control_interface[0m
[0.610s] [ 50%] Built target gim_control_interface
[0.622s] [35m[1mConsolidate compiler generated dependencies of target gim_control_node[0m
[0.642s] [100%] Built target gim_control_node
[0.656s] Invoked command in '/home/tue/gim_control/build/gim_control' returned '0': CMAKE_PREFIX_PATH=${CMAKE_PREFIX_PATH}:/opt/ros/humble /usr/bin/cmake --build /home/tue/gim_control/build/gim_control -- -j12 -l12
[0.667s] Invoking command in '/home/tue/gim_control/build/gim_control': CMAKE_PREFIX_PATH=${CMAKE_PREFIX_PATH}:/opt/ros/humble /usr/bin/cmake --install /home/tue/gim_control/build/gim_control
[0.675s] -- Install configuration: ""
[0.675s] -- Up-to-date: /home/tue/gim_control/install/gim_control/share/gim_control/environment/library_path.sh
[0.675s] -- Installing: /home/tue/gim_control/install/gim_control/share/gim_control/environment/library_path.dsv
[0.675s] -- Up-to-date: /home/tue/gim_control/install/gim_control/lib/libgim_control_interface.a
[0.676s] -- Up-to-date: /home/tue/gim_control/install/gim_control/lib/gim_control/gim_control_node
[0.676s] -- Up-to-date: /home/tue/gim_control/install/gim_control/include
[0.676s] -- Up-to-date: /home/tue/gim_control/install/gim_control/include/ros2_gim_control
[0.676s] -- Up-to-date: /home/tue/gim_control/install/gim_control/include/ros2_gim_control/gim_control_interface.hpp
[0.676s] -- Up-to-date: /home/tue/gim_control/install/gim_control/include/gim_control
[0.676s] -- Up-to-date: /home/tue/gim_control/install/gim_control/share/gim_control/urdf
[0.676s] -- Installing: /home/tue/gim_control/install/gim_control/share/gim_control/urdf/gim_arm.urdf
[0.676s] -- Up-to-date: /home/tue/gim_control/install/gim_control/share/gim_control/meshes
[0.676s] -- Up-to-date: /home/tue/gim_control/install/gim_control/share/gim_control/meshes/base_link.STL
[0.677s] -- Up-to-date: /home/tue/gim_control/install/gim_control/share/gim_control/meshes/upper_arm_link.STL
[0.677s] -- Up-to-date: /home/tue/gim_control/install/gim_control/share/gim_control/meshes/lower_arm_link.STL
[0.677s] -- Up-to-date: /home/tue/gim_control/install/gim_control/share/gim_control/meshes/shoulder_link.STL
[0.677s] -- Up-to-date: /home/tue/gim_control/install/gim_control/share/gim_control/launch
[0.677s] -- Installing: /home/tue/gim_control/install/gim_control/share/gim_control/launch/simulate.launch.py
[0.677s] -- Up-to-date: /home/tue/gim_control/install/gim_control/share/gim_control/launch/display.launch.py
[0.677s] -- Installing: /home/tue/gim_control/install/gim_control/share/gim_control/launch/mujoco.launch.py
[0.677s] -- Up-to-date: /home/tue/gim_control/install/gim_control/share/gim_control/launch/gim_control.launch.py
[0.677s] -- Up-to-date: /home/tue/gim_control/install/gim_control/share/gim_control/rviz
[0.677s] -- Up-to-date: /home/tue/gim_control/install/gim_control/share/gim_control/rviz/urdf.rviz
[0.677s] -- Installing: /home/tue/gim_control/install/gim_control/share/gim_control/config
[0.677s] -- Installing: /home/tue/gim_control/install/gim_control/share/gim_control/config/controllers.yaml
[0.678s] -- Installing: /home/tue/gim_control/install/gim_control/share/ament_index/resource_index/package_run_dependencies/gim_control
[0.678s] -- Up-to-date: /home/tue/gim_control/install/gim_control/share/ament_index/resource_index/parent_prefix_path/gim_control
[0.678s] -- Up-to-date: /home/tue/gim_control/install/gim_control/share/gim_control/environment/ament_prefix_path.sh
[0.678s] -- Installing: /home/tue/gim_control/install/gim_control/share/gim_control/environment/ament_prefix_path.dsv
[0.678s] -- Up-to-date: /home/tue/gim_control/install/gim_control/share/gim_control/environment/path.sh
[0.678s] -- Installing: /home/tue/gim_control/install/gim_control/share/gim_control/environment/path.dsv
[0.679s] -- Up-to-date: /home/tue/gim_control/install/gim_control/share/gim_control/local_setup.bash
[0.679s] -- Up-to-date: /home/tue/gim_control/install/gim_control/share/gim_control/local_setup.sh
[0.679s] -- Up-to-date: /home/tue/gim_control/install/gim_control/share/gim_control/local_setup.zsh
[0.679s] -- Installing: /home/tue/gim_control/install/gim_control/share/gim_control/local_setup.dsv
[0.679s] -- Installing: /home/tue/gim_control/install/gim_control/share/gim_control/package.dsv
[0.679s] -- Up-to-date: /home/tue/gim_control/install/gim_control/share/ament_index/resource_index/packages/gim_control
[0.680s] -- Up-to-date: /home/tue/gim_control/install/gim_control/share/gim_control/cmake/ament_cmake_export_dependencies-extras.cmake
[0.680s] -- Up-to-date: /home/tue/gim_control/install/gim_control/share/gim_control/cmake/ament_cmake_export_libraries-extras.cmake
[0.680s] -- Up-to-date: /home/tue/gim_control/install/gim_control/share/gim_control/cmake/gim_controlConfig.cmake
[0.680s] -- Up-to-date: /home/tue/gim_control/install/gim_control/share/gim_control/cmake/gim_controlConfig-version.cmake
[0.680s] -- Installing: /home/tue/gim_control/install/gim_control/share/gim_control/package.xml
[0.683s] Invoked command in '/home/tue/gim_control/build/gim_control' returned '0': CMAKE_PREFIX_PATH=${CMAKE_PREFIX_PATH}:/opt/ros/humble /usr/bin/cmake --install /home/tue/gim_control/build/gim_control
