[0.121s] DEBUG:colcon:Command line arguments: ['/usr/bin/colcon', 'build', '--packages-select', 'gim_control']
[0.121s] DEBUG:colcon:Parsed command line arguments: Namespace(log_base=None, log_level=None, verb_name='build', build_base='build', install_base='install', merge_install=False, symlink_install=False, test_result_base=None, continue_on_error=False, executor='parallel', parallel_workers=12, event_handlers=None, ignore_user_meta=False, metas=['./colcon.meta'], base_paths=['.'], packages_ignore=None, packages_ignore_regex=None, paths=None, packages_up_to=None, packages_up_to_regex=None, packages_above=None, packages_above_and_dependencies=None, packages_above_depth=None, packages_select_by_dep=None, packages_skip_by_dep=None, packages_skip_up_to=None, packages_select_build_failed=False, packages_skip_build_finished=False, packages_select_test_failures=False, packages_skip_test_passed=False, packages_select=['gim_control'], packages_skip=None, packages_select_regex=None, packages_skip_regex=None, packages_start=None, packages_end=None, allow_overriding=[], cmake_args=None, cmake_target=None, cmake_target_skip_unavailable=False, cmake_clean_cache=False, cmake_clean_first=False, cmake_force_configure=False, ament_cmake_args=None, catkin_cmake_args=None, catkin_skip_building_tests=False, verb_parser=<colcon_defaults.argument_parser.defaults.DefaultArgumentsDecorator object at 0x767faae71870>, verb_extension=<colcon_core.verb.build.BuildVerb object at 0x767fab04f9d0>, main=<bound method BuildVerb.main of <colcon_core.verb.build.BuildVerb object at 0x767fab04f9d0>>)
[0.298s] Level 1:colcon.colcon_core.package_discovery:discover_packages(colcon_meta) check parameters
[0.298s] Level 1:colcon.colcon_core.package_discovery:discover_packages(recursive) check parameters
[0.298s] Level 1:colcon.colcon_core.package_discovery:discover_packages(ignore) check parameters
[0.298s] Level 1:colcon.colcon_core.package_discovery:discover_packages(path) check parameters
[0.298s] Level 1:colcon.colcon_core.package_discovery:discover_packages(colcon_meta) discover
[0.298s] Level 1:colcon.colcon_core.package_discovery:discover_packages(recursive) discover
[0.298s] INFO:colcon.colcon_core.package_discovery:Crawling recursively for packages in '/home/tue/gim_control'
[0.298s] Level 1:colcon.colcon_core.package_identification:_identify(.) by extensions ['ignore', 'ignore_ament_install']
[0.298s] Level 1:colcon.colcon_core.package_identification:_identify(.) by extension 'ignore'
[0.299s] Level 1:colcon.colcon_core.package_identification:_identify(.) by extension 'ignore_ament_install'
[0.299s] Level 1:colcon.colcon_core.package_identification:_identify(.) by extensions ['colcon_pkg']
[0.299s] Level 1:colcon.colcon_core.package_identification:_identify(.) by extension 'colcon_pkg'
[0.299s] Level 1:colcon.colcon_core.package_identification:_identify(.) by extensions ['colcon_meta']
[0.299s] Level 1:colcon.colcon_core.package_identification:_identify(.) by extension 'colcon_meta'
[0.299s] Level 1:colcon.colcon_core.package_identification:_identify(.) by extensions ['ros']
[0.299s] Level 1:colcon.colcon_core.package_identification:_identify(.) by extension 'ros'
[0.324s] DEBUG:colcon.colcon_core.package_identification:Package '.' with type 'ros.ament_cmake' and name 'gim_control'
[0.324s] Level 1:colcon.colcon_core.package_discovery:discover_packages(recursive) using defaults
[0.324s] Level 1:colcon.colcon_core.package_discovery:discover_packages(ignore) discover
[0.324s] Level 1:colcon.colcon_core.package_discovery:discover_packages(ignore) using defaults
[0.324s] Level 1:colcon.colcon_core.package_discovery:discover_packages(path) discover
[0.324s] Level 1:colcon.colcon_core.package_discovery:discover_packages(path) using defaults
[0.342s] Level 1:colcon.colcon_core.package_discovery:discover_packages(prefix_path) check parameters
[0.342s] Level 1:colcon.colcon_core.package_discovery:discover_packages(prefix_path) discover
[0.344s] DEBUG:colcon.colcon_installed_package_information.package_discovery:Found 2 installed packages in /home/tue/install
[0.346s] DEBUG:colcon.colcon_installed_package_information.package_discovery:Found 327 installed packages in /opt/ros/humble
[0.347s] Level 1:colcon.colcon_core.package_discovery:discover_packages(prefix_path) using defaults
[0.384s] Level 5:colcon.colcon_core.verb:set package 'gim_control' build argument 'cmake_args' from command line to 'None'
[0.384s] Level 5:colcon.colcon_core.verb:set package 'gim_control' build argument 'cmake_target' from command line to 'None'
[0.384s] Level 5:colcon.colcon_core.verb:set package 'gim_control' build argument 'cmake_target_skip_unavailable' from command line to 'False'
[0.384s] Level 5:colcon.colcon_core.verb:set package 'gim_control' build argument 'cmake_clean_cache' from command line to 'False'
[0.384s] Level 5:colcon.colcon_core.verb:set package 'gim_control' build argument 'cmake_clean_first' from command line to 'False'
[0.384s] Level 5:colcon.colcon_core.verb:set package 'gim_control' build argument 'cmake_force_configure' from command line to 'False'
[0.384s] Level 5:colcon.colcon_core.verb:set package 'gim_control' build argument 'ament_cmake_args' from command line to 'None'
[0.384s] Level 5:colcon.colcon_core.verb:set package 'gim_control' build argument 'catkin_cmake_args' from command line to 'None'
[0.384s] Level 5:colcon.colcon_core.verb:set package 'gim_control' build argument 'catkin_skip_building_tests' from command line to 'False'
[0.384s] DEBUG:colcon.colcon_core.verb:Building package 'gim_control' with the following arguments: {'ament_cmake_args': None, 'build_base': '/home/tue/gim_control/build/gim_control', 'catkin_cmake_args': None, 'catkin_skip_building_tests': False, 'cmake_args': None, 'cmake_clean_cache': False, 'cmake_clean_first': False, 'cmake_force_configure': False, 'cmake_target': None, 'cmake_target_skip_unavailable': False, 'install_base': '/home/tue/gim_control/install/gim_control', 'merge_install': False, 'path': '/home/tue/gim_control', 'symlink_install': False, 'test_result_base': None}
[0.385s] INFO:colcon.colcon_core.executor:Executing jobs using 'parallel' executor
[0.385s] DEBUG:colcon.colcon_parallel_executor.executor.parallel:run_until_complete
[0.386s] INFO:colcon.colcon_ros.task.ament_cmake.build:Building ROS package in '/home/tue/gim_control' with build type 'ament_cmake'
[0.386s] INFO:colcon.colcon_cmake.task.cmake.build:Building CMake package in '/home/tue/gim_control'
[0.388s] INFO:colcon.colcon_core.plugin_system:Skipping extension 'colcon_core.shell.bat': Not used on non-Windows systems
[0.388s] INFO:colcon.colcon_core.shell:Skip shell extension 'powershell' for command environment: Not usable outside of PowerShell
[0.388s] DEBUG:colcon.colcon_core.shell:Skip shell extension 'dsv' for command environment
[0.400s] DEBUG:colcon.colcon_core.event_handler.log_command:Invoking command in '/home/tue/gim_control/build/gim_control': CMAKE_PREFIX_PATH=${CMAKE_PREFIX_PATH}:/opt/ros/humble /usr/bin/cmake --build /home/tue/gim_control/build/gim_control -- -j12 -l12
[0.518s] DEBUG:colcon.colcon_core.event_handler.log_command:Invoked command in '/home/tue/gim_control/build/gim_control' returned '0': CMAKE_PREFIX_PATH=${CMAKE_PREFIX_PATH}:/opt/ros/humble /usr/bin/cmake --build /home/tue/gim_control/build/gim_control -- -j12 -l12
[0.530s] DEBUG:colcon.colcon_core.event_handler.log_command:Invoking command in '/home/tue/gim_control/build/gim_control': CMAKE_PREFIX_PATH=${CMAKE_PREFIX_PATH}:/opt/ros/humble /usr/bin/cmake --install /home/tue/gim_control/build/gim_control
[0.543s] Level 1:colcon.colcon_core.environment:create_environment_scripts_only(gim_control)
[0.543s] DEBUG:colcon.colcon_core.event_handler.log_command:Invoked command in '/home/tue/gim_control/build/gim_control' returned '0': CMAKE_PREFIX_PATH=${CMAKE_PREFIX_PATH}:/opt/ros/humble /usr/bin/cmake --install /home/tue/gim_control/build/gim_control
[0.545s] Level 1:colcon.colcon_core.environment:checking '/home/tue/gim_control/install/gim_control' for CMake module files
[0.546s] Level 1:colcon.colcon_core.environment:checking '/home/tue/gim_control/install/gim_control' for CMake config files
[0.546s] Level 1:colcon.colcon_core.shell:create_environment_hook('gim_control', 'cmake_prefix_path')
[0.547s] INFO:colcon.colcon_core.shell:Creating environment hook '/home/tue/gim_control/install/gim_control/share/gim_control/hook/cmake_prefix_path.ps1'
[0.547s] INFO:colcon.colcon_core.shell:Creating environment descriptor '/home/tue/gim_control/install/gim_control/share/gim_control/hook/cmake_prefix_path.dsv'
[0.548s] INFO:colcon.colcon_core.shell:Creating environment hook '/home/tue/gim_control/install/gim_control/share/gim_control/hook/cmake_prefix_path.sh'
[0.548s] Level 1:colcon.colcon_core.environment:checking '/home/tue/gim_control/install/gim_control/lib'
[0.549s] Level 1:colcon.colcon_core.environment:checking '/home/tue/gim_control/install/gim_control/bin'
[0.549s] Level 1:colcon.colcon_core.environment:checking '/home/tue/gim_control/install/gim_control/lib/pkgconfig/gim_control.pc'
[0.549s] Level 1:colcon.colcon_core.environment:checking '/home/tue/gim_control/install/gim_control/lib/python3.10/site-packages'
[0.549s] Level 1:colcon.colcon_core.environment:checking '/home/tue/gim_control/install/gim_control/bin'
[0.549s] INFO:colcon.colcon_core.shell:Creating package script '/home/tue/gim_control/install/gim_control/share/gim_control/package.ps1'
[0.550s] INFO:colcon.colcon_core.shell:Creating package descriptor '/home/tue/gim_control/install/gim_control/share/gim_control/package.dsv'
[0.551s] INFO:colcon.colcon_core.shell:Creating package script '/home/tue/gim_control/install/gim_control/share/gim_control/package.sh'
[0.551s] INFO:colcon.colcon_core.shell:Creating package script '/home/tue/gim_control/install/gim_control/share/gim_control/package.bash'
[0.552s] INFO:colcon.colcon_core.shell:Creating package script '/home/tue/gim_control/install/gim_control/share/gim_control/package.zsh'
[0.552s] Level 1:colcon.colcon_core.environment:create_file_with_runtime_dependencies(/home/tue/gim_control/install/gim_control/share/colcon-core/packages/gim_control)
[0.553s] Level 1:colcon.colcon_core.environment:create_environment_scripts_only(gim_control)
[0.553s] Level 1:colcon.colcon_core.environment:checking '/home/tue/gim_control/install/gim_control' for CMake module files
[0.553s] Level 1:colcon.colcon_core.environment:checking '/home/tue/gim_control/install/gim_control' for CMake config files
[0.554s] Level 1:colcon.colcon_core.shell:create_environment_hook('gim_control', 'cmake_prefix_path')
[0.554s] INFO:colcon.colcon_core.shell:Creating environment hook '/home/tue/gim_control/install/gim_control/share/gim_control/hook/cmake_prefix_path.ps1'
[0.554s] INFO:colcon.colcon_core.shell:Creating environment descriptor '/home/tue/gim_control/install/gim_control/share/gim_control/hook/cmake_prefix_path.dsv'
[0.555s] INFO:colcon.colcon_core.shell:Creating environment hook '/home/tue/gim_control/install/gim_control/share/gim_control/hook/cmake_prefix_path.sh'
[0.555s] Level 1:colcon.colcon_core.environment:checking '/home/tue/gim_control/install/gim_control/lib'
[0.555s] Level 1:colcon.colcon_core.environment:checking '/home/tue/gim_control/install/gim_control/bin'
[0.555s] Level 1:colcon.colcon_core.environment:checking '/home/tue/gim_control/install/gim_control/lib/pkgconfig/gim_control.pc'
[0.555s] Level 1:colcon.colcon_core.environment:checking '/home/tue/gim_control/install/gim_control/lib/python3.10/site-packages'
[0.556s] Level 1:colcon.colcon_core.environment:checking '/home/tue/gim_control/install/gim_control/bin'
[0.556s] INFO:colcon.colcon_core.shell:Creating package script '/home/tue/gim_control/install/gim_control/share/gim_control/package.ps1'
[0.556s] INFO:colcon.colcon_core.shell:Creating package descriptor '/home/tue/gim_control/install/gim_control/share/gim_control/package.dsv'
[0.557s] INFO:colcon.colcon_core.shell:Creating package script '/home/tue/gim_control/install/gim_control/share/gim_control/package.sh'
[0.557s] INFO:colcon.colcon_core.shell:Creating package script '/home/tue/gim_control/install/gim_control/share/gim_control/package.bash'
[0.557s] INFO:colcon.colcon_core.shell:Creating package script '/home/tue/gim_control/install/gim_control/share/gim_control/package.zsh'
[0.558s] Level 1:colcon.colcon_core.environment:create_file_with_runtime_dependencies(/home/tue/gim_control/install/gim_control/share/colcon-core/packages/gim_control)
[0.558s] DEBUG:colcon.colcon_parallel_executor.executor.parallel:closing loop
[0.559s] DEBUG:colcon.colcon_parallel_executor.executor.parallel:loop closed
[0.559s] DEBUG:colcon.colcon_parallel_executor.executor.parallel:run_until_complete finished with '0'
[0.559s] DEBUG:colcon.colcon_core.event_reactor:joining thread
[0.563s] INFO:colcon.colcon_core.plugin_system:Skipping extension 'colcon_notification.desktop_notification.terminal_notifier': Not used on non-Darwin systems
[0.563s] INFO:colcon.colcon_core.plugin_system:Skipping extension 'colcon_notification.desktop_notification.win32': Not used on non-Windows systems
[0.563s] INFO:colcon.colcon_notification.desktop_notification:Sending desktop notification using 'notify2'
[0.575s] DEBUG:colcon.colcon_core.event_reactor:joined thread
[0.575s] INFO:colcon.colcon_core.shell:Creating prefix script '/home/tue/gim_control/install/local_setup.ps1'
[0.576s] INFO:colcon.colcon_core.shell:Creating prefix util module '/home/tue/gim_control/install/_local_setup_util_ps1.py'
[0.577s] INFO:colcon.colcon_core.shell:Creating prefix chain script '/home/tue/gim_control/install/setup.ps1'
[0.579s] INFO:colcon.colcon_core.shell:Creating prefix script '/home/tue/gim_control/install/local_setup.sh'
[0.579s] INFO:colcon.colcon_core.shell:Creating prefix util module '/home/tue/gim_control/install/_local_setup_util_sh.py'
[0.580s] INFO:colcon.colcon_core.shell:Creating prefix chain script '/home/tue/gim_control/install/setup.sh'
[0.581s] INFO:colcon.colcon_core.shell:Creating prefix script '/home/tue/gim_control/install/local_setup.bash'
[0.581s] INFO:colcon.colcon_core.shell:Creating prefix chain script '/home/tue/gim_control/install/setup.bash'
[0.582s] INFO:colcon.colcon_core.shell:Creating prefix script '/home/tue/gim_control/install/local_setup.zsh'
[0.583s] INFO:colcon.colcon_core.shell:Creating prefix chain script '/home/tue/gim_control/install/setup.zsh'
