[0.130s] DEBUG:colcon:Command line arguments: ['/usr/bin/colcon', 'build', '--packages-select', 'gim_control']
[0.130s] DEBUG:colcon:Parsed command line arguments: Namespace(log_base=None, log_level=None, verb_name='build', build_base='build', install_base='install', merge_install=False, symlink_install=False, test_result_base=None, continue_on_error=False, executor='parallel', parallel_workers=12, event_handlers=None, ignore_user_meta=False, metas=['./colcon.meta'], base_paths=['.'], packages_ignore=None, packages_ignore_regex=None, paths=None, packages_up_to=None, packages_up_to_regex=None, packages_above=None, packages_above_and_dependencies=None, packages_above_depth=None, packages_select_by_dep=None, packages_skip_by_dep=None, packages_skip_up_to=None, packages_select_build_failed=False, packages_skip_build_finished=False, packages_select_test_failures=False, packages_skip_test_passed=False, packages_select=['gim_control'], packages_skip=None, packages_select_regex=None, packages_skip_regex=None, packages_start=None, packages_end=None, allow_overriding=[], cmake_args=None, cmake_target=None, cmake_target_skip_unavailable=False, cmake_clean_cache=False, cmake_clean_first=False, cmake_force_configure=False, ament_cmake_args=None, catkin_cmake_args=None, catkin_skip_building_tests=False, verb_parser=<colcon_defaults.argument_parser.defaults.DefaultArgumentsDecorator object at 0x7f52a548dd20>, verb_extension=<colcon_core.verb.build.BuildVerb object at 0x7f52a564fe50>, main=<bound method BuildVerb.main of <colcon_core.verb.build.BuildVerb object at 0x7f52a564fe50>>)
[0.354s] Level 1:colcon.colcon_core.package_discovery:discover_packages(colcon_meta) check parameters
[0.354s] Level 1:colcon.colcon_core.package_discovery:discover_packages(recursive) check parameters
[0.354s] Level 1:colcon.colcon_core.package_discovery:discover_packages(ignore) check parameters
[0.354s] Level 1:colcon.colcon_core.package_discovery:discover_packages(path) check parameters
[0.354s] Level 1:colcon.colcon_core.package_discovery:discover_packages(colcon_meta) discover
[0.354s] Level 1:colcon.colcon_core.package_discovery:discover_packages(recursive) discover
[0.354s] INFO:colcon.colcon_core.package_discovery:Crawling recursively for packages in '/home/tue/gim_control'
[0.354s] Level 1:colcon.colcon_core.package_identification:_identify(.) by extensions ['ignore', 'ignore_ament_install']
[0.354s] Level 1:colcon.colcon_core.package_identification:_identify(.) by extension 'ignore'
[0.354s] Level 1:colcon.colcon_core.package_identification:_identify(.) by extension 'ignore_ament_install'
[0.354s] Level 1:colcon.colcon_core.package_identification:_identify(.) by extensions ['colcon_pkg']
[0.354s] Level 1:colcon.colcon_core.package_identification:_identify(.) by extension 'colcon_pkg'
[0.354s] Level 1:colcon.colcon_core.package_identification:_identify(.) by extensions ['colcon_meta']
[0.354s] Level 1:colcon.colcon_core.package_identification:_identify(.) by extension 'colcon_meta'
[0.354s] Level 1:colcon.colcon_core.package_identification:_identify(.) by extensions ['ros']
[0.354s] Level 1:colcon.colcon_core.package_identification:_identify(.) by extension 'ros'
[0.380s] DEBUG:colcon.colcon_core.package_identification:Package '.' with type 'ros.ament_cmake' and name 'gim_control'
[0.380s] Level 1:colcon.colcon_core.package_discovery:discover_packages(recursive) using defaults
[0.380s] Level 1:colcon.colcon_core.package_discovery:discover_packages(ignore) discover
[0.380s] Level 1:colcon.colcon_core.package_discovery:discover_packages(ignore) using defaults
[0.380s] Level 1:colcon.colcon_core.package_discovery:discover_packages(path) discover
[0.380s] Level 1:colcon.colcon_core.package_discovery:discover_packages(path) using defaults
[0.399s] Level 1:colcon.colcon_core.package_discovery:discover_packages(prefix_path) check parameters
[0.399s] Level 1:colcon.colcon_core.package_discovery:discover_packages(prefix_path) discover
[0.400s] WARNING:colcon.colcon_core.prefix_path.colcon:The path '/home/tue/install' in the environment variable COLCON_PREFIX_PATH doesn't exist
[0.400s] WARNING:colcon.colcon_ros.prefix_path.ament:The path '/home/tue/install/rs_control' in the environment variable AMENT_PREFIX_PATH doesn't exist
[0.400s] WARNING:colcon.colcon_ros.prefix_path.ament:The path '/home/tue/install/gim_control' in the environment variable AMENT_PREFIX_PATH doesn't exist
[0.401s] WARNING:colcon.colcon_ros.prefix_path.catkin:The path '/home/tue/install/rs_control' in the environment variable CMAKE_PREFIX_PATH doesn't exist
[0.401s] WARNING:colcon.colcon_ros.prefix_path.catkin:The path '/home/tue/install/gim_control' in the environment variable CMAKE_PREFIX_PATH doesn't exist
[0.401s] DEBUG:colcon.colcon_installed_package_information.package_discovery:Found 1 installed packages in /home/tue/rs_control/install
[0.402s] DEBUG:colcon.colcon_installed_package_information.package_discovery:Found 1 installed packages in /home/tue/gim_control/install
[0.404s] DEBUG:colcon.colcon_installed_package_information.package_discovery:Found 351 installed packages in /opt/ros/humble
[0.405s] Level 1:colcon.colcon_core.package_discovery:discover_packages(prefix_path) using defaults
[0.447s] Level 5:colcon.colcon_core.verb:set package 'gim_control' build argument 'cmake_args' from command line to 'None'
[0.447s] Level 5:colcon.colcon_core.verb:set package 'gim_control' build argument 'cmake_target' from command line to 'None'
[0.447s] Level 5:colcon.colcon_core.verb:set package 'gim_control' build argument 'cmake_target_skip_unavailable' from command line to 'False'
[0.447s] Level 5:colcon.colcon_core.verb:set package 'gim_control' build argument 'cmake_clean_cache' from command line to 'False'
[0.447s] Level 5:colcon.colcon_core.verb:set package 'gim_control' build argument 'cmake_clean_first' from command line to 'False'
[0.447s] Level 5:colcon.colcon_core.verb:set package 'gim_control' build argument 'cmake_force_configure' from command line to 'False'
[0.447s] Level 5:colcon.colcon_core.verb:set package 'gim_control' build argument 'ament_cmake_args' from command line to 'None'
[0.447s] Level 5:colcon.colcon_core.verb:set package 'gim_control' build argument 'catkin_cmake_args' from command line to 'None'
[0.447s] Level 5:colcon.colcon_core.verb:set package 'gim_control' build argument 'catkin_skip_building_tests' from command line to 'False'
[0.447s] DEBUG:colcon.colcon_core.verb:Building package 'gim_control' with the following arguments: {'ament_cmake_args': None, 'build_base': '/home/tue/gim_control/build/gim_control', 'catkin_cmake_args': None, 'catkin_skip_building_tests': False, 'cmake_args': None, 'cmake_clean_cache': False, 'cmake_clean_first': False, 'cmake_force_configure': False, 'cmake_target': None, 'cmake_target_skip_unavailable': False, 'install_base': '/home/tue/gim_control/install/gim_control', 'merge_install': False, 'path': '/home/tue/gim_control', 'symlink_install': False, 'test_result_base': None}
[0.447s] INFO:colcon.colcon_core.executor:Executing jobs using 'parallel' executor
[0.449s] DEBUG:colcon.colcon_parallel_executor.executor.parallel:run_until_complete
[0.449s] INFO:colcon.colcon_ros.task.ament_cmake.build:Building ROS package in '/home/tue/gim_control' with build type 'ament_cmake'
[0.449s] INFO:colcon.colcon_cmake.task.cmake.build:Building CMake package in '/home/tue/gim_control'
[0.452s] INFO:colcon.colcon_core.plugin_system:Skipping extension 'colcon_core.shell.bat': Not used on non-Windows systems
[0.452s] INFO:colcon.colcon_core.shell:Skip shell extension 'powershell' for command environment: Not usable outside of PowerShell
[0.452s] DEBUG:colcon.colcon_core.shell:Skip shell extension 'dsv' for command environment
[0.462s] DEBUG:colcon.colcon_core.event_handler.log_command:Invoking command in '/home/tue/gim_control/build/gim_control': CMAKE_PREFIX_PATH=${CMAKE_PREFIX_PATH}:/opt/ros/humble /usr/bin/cmake --build /home/tue/gim_control/build/gim_control -- -j12 -l12
[22.767s] DEBUG:colcon.colcon_core.event_handler.log_command:Invoked command in '/home/tue/gim_control/build/gim_control' returned '0': CMAKE_PREFIX_PATH=${CMAKE_PREFIX_PATH}:/opt/ros/humble /usr/bin/cmake --build /home/tue/gim_control/build/gim_control -- -j12 -l12
[22.778s] DEBUG:colcon.colcon_core.event_handler.log_command:Invoking command in '/home/tue/gim_control/build/gim_control': CMAKE_PREFIX_PATH=${CMAKE_PREFIX_PATH}:/opt/ros/humble /usr/bin/cmake --install /home/tue/gim_control/build/gim_control
[22.815s] Level 1:colcon.colcon_core.environment:create_environment_scripts_only(gim_control)
[22.815s] DEBUG:colcon.colcon_core.event_handler.log_command:Invoked command in '/home/tue/gim_control/build/gim_control' returned '0': CMAKE_PREFIX_PATH=${CMAKE_PREFIX_PATH}:/opt/ros/humble /usr/bin/cmake --install /home/tue/gim_control/build/gim_control
[22.818s] Level 1:colcon.colcon_core.environment:checking '/home/tue/gim_control/install/gim_control' for CMake module files
[22.819s] Level 1:colcon.colcon_core.environment:checking '/home/tue/gim_control/install/gim_control' for CMake config files
[22.819s] Level 1:colcon.colcon_core.shell:create_environment_hook('gim_control', 'cmake_prefix_path')
[22.819s] INFO:colcon.colcon_core.shell:Creating environment hook '/home/tue/gim_control/install/gim_control/share/gim_control/hook/cmake_prefix_path.ps1'
[22.820s] INFO:colcon.colcon_core.shell:Creating environment descriptor '/home/tue/gim_control/install/gim_control/share/gim_control/hook/cmake_prefix_path.dsv'
[22.820s] INFO:colcon.colcon_core.shell:Creating environment hook '/home/tue/gim_control/install/gim_control/share/gim_control/hook/cmake_prefix_path.sh'
[22.821s] Level 1:colcon.colcon_core.environment:checking '/home/tue/gim_control/install/gim_control/lib'
[22.821s] Level 1:colcon.colcon_core.environment:checking '/home/tue/gim_control/install/gim_control/bin'
[22.821s] Level 1:colcon.colcon_core.environment:checking '/home/tue/gim_control/install/gim_control/lib/pkgconfig/gim_control.pc'
[22.821s] Level 1:colcon.colcon_core.environment:checking '/home/tue/gim_control/install/gim_control/lib/python3.10/site-packages'
[22.821s] Level 1:colcon.colcon_core.environment:checking '/home/tue/gim_control/install/gim_control/bin'
[22.822s] INFO:colcon.colcon_core.shell:Creating package script '/home/tue/gim_control/install/gim_control/share/gim_control/package.ps1'
[22.823s] INFO:colcon.colcon_core.shell:Creating package descriptor '/home/tue/gim_control/install/gim_control/share/gim_control/package.dsv'
[22.823s] INFO:colcon.colcon_core.shell:Creating package script '/home/tue/gim_control/install/gim_control/share/gim_control/package.sh'
[22.824s] INFO:colcon.colcon_core.shell:Creating package script '/home/tue/gim_control/install/gim_control/share/gim_control/package.bash'
[22.824s] INFO:colcon.colcon_core.shell:Creating package script '/home/tue/gim_control/install/gim_control/share/gim_control/package.zsh'
[22.825s] Level 1:colcon.colcon_core.environment:create_file_with_runtime_dependencies(/home/tue/gim_control/install/gim_control/share/colcon-core/packages/gim_control)
[22.825s] Level 1:colcon.colcon_core.environment:create_environment_scripts_only(gim_control)
[22.826s] Level 1:colcon.colcon_core.environment:checking '/home/tue/gim_control/install/gim_control' for CMake module files
[22.826s] Level 1:colcon.colcon_core.environment:checking '/home/tue/gim_control/install/gim_control' for CMake config files
[22.826s] Level 1:colcon.colcon_core.shell:create_environment_hook('gim_control', 'cmake_prefix_path')
[22.826s] INFO:colcon.colcon_core.shell:Creating environment hook '/home/tue/gim_control/install/gim_control/share/gim_control/hook/cmake_prefix_path.ps1'
[22.827s] INFO:colcon.colcon_core.shell:Creating environment descriptor '/home/tue/gim_control/install/gim_control/share/gim_control/hook/cmake_prefix_path.dsv'
[22.827s] INFO:colcon.colcon_core.shell:Creating environment hook '/home/tue/gim_control/install/gim_control/share/gim_control/hook/cmake_prefix_path.sh'
[22.828s] Level 1:colcon.colcon_core.environment:checking '/home/tue/gim_control/install/gim_control/lib'
[22.828s] Level 1:colcon.colcon_core.environment:checking '/home/tue/gim_control/install/gim_control/bin'
[22.828s] Level 1:colcon.colcon_core.environment:checking '/home/tue/gim_control/install/gim_control/lib/pkgconfig/gim_control.pc'
[22.828s] Level 1:colcon.colcon_core.environment:checking '/home/tue/gim_control/install/gim_control/lib/python3.10/site-packages'
[22.828s] Level 1:colcon.colcon_core.environment:checking '/home/tue/gim_control/install/gim_control/bin'
[22.829s] INFO:colcon.colcon_core.shell:Creating package script '/home/tue/gim_control/install/gim_control/share/gim_control/package.ps1'
[22.829s] INFO:colcon.colcon_core.shell:Creating package descriptor '/home/tue/gim_control/install/gim_control/share/gim_control/package.dsv'
[22.829s] INFO:colcon.colcon_core.shell:Creating package script '/home/tue/gim_control/install/gim_control/share/gim_control/package.sh'
[22.830s] INFO:colcon.colcon_core.shell:Creating package script '/home/tue/gim_control/install/gim_control/share/gim_control/package.bash'
[22.830s] INFO:colcon.colcon_core.shell:Creating package script '/home/tue/gim_control/install/gim_control/share/gim_control/package.zsh'
[22.830s] Level 1:colcon.colcon_core.environment:create_file_with_runtime_dependencies(/home/tue/gim_control/install/gim_control/share/colcon-core/packages/gim_control)
[22.831s] DEBUG:colcon.colcon_parallel_executor.executor.parallel:closing loop
[22.831s] DEBUG:colcon.colcon_parallel_executor.executor.parallel:loop closed
[22.831s] DEBUG:colcon.colcon_parallel_executor.executor.parallel:run_until_complete finished with '0'
[22.831s] DEBUG:colcon.colcon_core.event_reactor:joining thread
[22.837s] INFO:colcon.colcon_core.plugin_system:Skipping extension 'colcon_notification.desktop_notification.terminal_notifier': Not used on non-Darwin systems
[22.837s] INFO:colcon.colcon_core.plugin_system:Skipping extension 'colcon_notification.desktop_notification.win32': Not used on non-Windows systems
[22.837s] INFO:colcon.colcon_notification.desktop_notification:Sending desktop notification using 'notify2'
[22.851s] DEBUG:colcon.colcon_core.event_reactor:joined thread
[22.851s] INFO:colcon.colcon_core.shell:Creating prefix script '/home/tue/gim_control/install/local_setup.ps1'
[22.852s] INFO:colcon.colcon_core.shell:Creating prefix util module '/home/tue/gim_control/install/_local_setup_util_ps1.py'
[22.854s] INFO:colcon.colcon_core.shell:Creating prefix chain script '/home/tue/gim_control/install/setup.ps1'
[22.855s] INFO:colcon.colcon_core.shell:Creating prefix script '/home/tue/gim_control/install/local_setup.sh'
[22.856s] INFO:colcon.colcon_core.shell:Creating prefix util module '/home/tue/gim_control/install/_local_setup_util_sh.py'
[22.857s] INFO:colcon.colcon_core.shell:Creating prefix chain script '/home/tue/gim_control/install/setup.sh'
[22.858s] INFO:colcon.colcon_core.shell:Creating prefix script '/home/tue/gim_control/install/local_setup.bash'
[22.859s] INFO:colcon.colcon_core.shell:Creating prefix chain script '/home/tue/gim_control/install/setup.bash'
[22.860s] INFO:colcon.colcon_core.shell:Creating prefix script '/home/tue/gim_control/install/local_setup.zsh'
[22.861s] INFO:colcon.colcon_core.shell:Creating prefix chain script '/home/tue/gim_control/install/setup.zsh'
