-- The C compiler identification is GNU 11.4.0
-- The CXX compiler identification is GNU 11.4.0
-- Detecting C compiler ABI info
-- Detecting C compiler ABI info - done
-- Check for working C compiler: /usr/bin/cc - skipped
-- Detecting C compile features
-- Detecting C compile features - done
-- Detecting CXX compiler ABI info
-- Detecting CXX compiler ABI info - done
-- Check for working CXX compiler: /usr/bin/c++ - skipped
-- Detecting CXX compile features
-- Detecting CXX compile features - done
-- Found ament_cmake: 1.3.14 (/opt/ros/humble/share/ament_cmake/cmake)
-- Found Python3: /usr/bin/python3 (found version "3.10.12") found components: Interpreter 
-- Found rclcpp: 16.0.19 (/opt/ros/humble/share/rclcpp/cmake)
-- Found rosidl_generator_c: 3.1.9 (/opt/ros/humble/share/rosidl_generator_c/cmake)
-- Found rosidl_adapter: 3.1.9 (/opt/ros/humble/share/rosidl_adapter/cmake)
-- Found rosidl_generator_cpp: 3.1.9 (/opt/ros/humble/share/rosidl_generator_cpp/cmake)
-- Using all available rosidl_typesupport_c: rosidl_typesupport_fastrtps_c;rosidl_typesupport_introspection_c
-- Using all available rosidl_typesupport_cpp: rosidl_typesupport_fastrtps_cpp;rosidl_typesupport_introspection_cpp
-- Found rmw_implementation_cmake: 6.1.2 (/opt/ros/humble/share/rmw_implementation_cmake/cmake)
-- Found rmw_fastrtps_cpp: 6.2.10 (/opt/ros/humble/share/rmw_fastrtps_cpp/cmake)
-- Found OpenSSL: /usr/lib/x86_64-linux-gnu/libcrypto.so (found version "3.0.2")  
-- Found FastRTPS: /opt/ros/humble/include  
-- Using RMW implementation 'rmw_fastrtps_cpp' as default
-- Looking for pthread.h
-- Looking for pthread.h - found
-- Performing Test CMAKE_HAVE_LIBC_PTHREAD
-- Performing Test CMAKE_HAVE_LIBC_PTHREAD - Success
-- Found Threads: TRUE  
-- Found sensor_msgs: 4.9.1 (/opt/ros/humble/share/sensor_msgs/cmake)
-- Found ament_lint_auto: 0.12.15 (/opt/ros/humble/share/ament_lint_auto/cmake)
-- Added test 'cppcheck' to perform static code analysis on C / C++ code
-- Configured cppcheck include dirs: $<BUILD_INTERFACE:/home/tue/gim_control/src/robot_kinematic/include>;$<BUILD_INTERFACE:/home/tue/gim_control/src/robot_trajectory/include>;$<BUILD_INTERFACE:/home/tue/gim_control/src/robot_hardware/include>;/home/tue/gim_control/src/robot_hardware/include
-- Configured cppcheck exclude dirs and/or files: 
-- Added test 'flake8' to check Python code syntax and style conventions
-- Added test 'lint_cmake' to check CMake code style
-- Added test 'pep257' to check Python code against some of the docstring style conventions in PEP 257
-- Added test 'uncrustify' to check C / C++ code style
-- Configured uncrustify additional arguments: 
-- Added test 'xmllint' to check XML markup files
-- Configuring done
-- Generating done
-- Build files have been written to: /home/tue/gim_control/build/gim_control
[ 35%] [32mBuilding CXX object CMakeFiles/gim_kinematics.dir/src/robot_kinematic/src/jacobian.cpp.o[0m
[ 35%] [32mBuilding CXX object CMakeFiles/gim_trajectory.dir/src/robot_trajectory/src/trajectory.cpp.o[0m
[ 35%] [32mBuilding CXX object CMakeFiles/gim_kinematics.dir/src/robot_kinematic/src/ik.cpp.o[0m
[ 35%] [32mBuilding CXX object CMakeFiles/gim_kinematics.dir/src/robot_kinematic/src/fk.cpp.o[0m
[ 35%] [32mBuilding CXX object CMakeFiles/gim_control_interface.dir/src/robot_hardware/src/gim_control_interface.cpp.o[0m
[ 42%] [32m[1mLinking CXX static library libgim_trajectory.a[0m
[ 42%] Built target gim_trajectory
[ 50%] [32m[1mLinking CXX static library libgim_control_interface.a[0m
[ 50%] Built target gim_control_interface
[ 57%] [32mBuilding CXX object CMakeFiles/gim_control_node.dir/src/main.cpp.o[0m
[ 64%] [32m[1mLinking CXX static library libgim_kinematics.a[0m
[ 64%] Built target gim_kinematics
[ 78%] [32mBuilding CXX object CMakeFiles/trajectory_simulator_node.dir/src/trajectory_simulator_node.cpp.o[0m
[ 78%] [32mBuilding CXX object CMakeFiles/impedance_simulator_node.dir/src/impedance_simulator_node.cpp.o[0m
[ 85%] [32m[1mLinking CXX executable gim_control_node[0m
[ 85%] Built target gim_control_node
[ 92%] [32m[1mLinking CXX executable trajectory_simulator_node[0m
[ 92%] Built target trajectory_simulator_node
[100%] [32m[1mLinking CXX executable impedance_simulator_node[0m
[100%] Built target impedance_simulator_node
-- Install configuration: ""
-- Installing: /home/tue/gim_control/install/gim_control/share/gim_control/environment/library_path.sh
-- Installing: /home/tue/gim_control/install/gim_control/share/gim_control/environment/library_path.dsv
-- Installing: /home/tue/gim_control/install/gim_control/lib/libgim_control_interface.a
-- Installing: /home/tue/gim_control/install/gim_control/lib/libgim_kinematics.a
-- Installing: /home/tue/gim_control/install/gim_control/lib/libgim_trajectory.a
-- Installing: /home/tue/gim_control/install/gim_control/lib/gim_control/gim_control_node
-- Set runtime path of "/home/tue/gim_control/install/gim_control/lib/gim_control/gim_control_node" to ""
-- Installing: /home/tue/gim_control/install/gim_control/lib/gim_control/trajectory_simulator_node
-- Set runtime path of "/home/tue/gim_control/install/gim_control/lib/gim_control/trajectory_simulator_node" to ""
-- Installing: /home/tue/gim_control/install/gim_control/lib/gim_control/impedance_simulator_node
-- Set runtime path of "/home/tue/gim_control/install/gim_control/lib/gim_control/impedance_simulator_node" to ""
-- Installing: /home/tue/gim_control/install/gim_control/include
-- Installing: /home/tue/gim_control/install/gim_control/include/gim_control_interface.hpp
-- Up-to-date: /home/tue/gim_control/install/gim_control/include
-- Installing: /home/tue/gim_control/install/gim_control/include/fk.hpp
-- Installing: /home/tue/gim_control/install/gim_control/include/ik.hpp
-- Installing: /home/tue/gim_control/install/gim_control/include/jacobian.hpp
-- Installing: /home/tue/gim_control/install/gim_control/include/utils.hpp
-- Up-to-date: /home/tue/gim_control/install/gim_control/include
-- Installing: /home/tue/gim_control/install/gim_control/include/trajectory.hpp
-- Installing: /home/tue/gim_control/install/gim_control/share/gim_control/urdf
-- Installing: /home/tue/gim_control/install/gim_control/share/gim_control/urdf/assets
-- Installing: /home/tue/gim_control/install/gim_control/share/gim_control/urdf/assets/decomposed
-- Installing: /home/tue/gim_control/install/gim_control/share/gim_control/urdf/assets/full
-- Installing: /home/tue/gim_control/install/gim_control/share/gim_control/urdf/assets/full/upper_arm_link.stl
-- Installing: /home/tue/gim_control/install/gim_control/share/gim_control/urdf/assets/full/lower_arm_link.stl
-- Installing: /home/tue/gim_control/install/gim_control/share/gim_control/urdf/assets/full/base_link.stl
-- Installing: /home/tue/gim_control/install/gim_control/share/gim_control/urdf/assets/full/shoulder_link.stl
-- Installing: /home/tue/gim_control/install/gim_control/share/gim_control/urdf/gim_arm.urdf
-- Installing: /home/tue/gim_control/install/gim_control/share/gim_control/urdf/mujoco_description.xml
-- Installing: /home/tue/gim_control/install/gim_control/share/gim_control/urdf/robot_description_formatted.urdf
-- Installing: /home/tue/gim_control/install/gim_control/share/gim_control/meshes
-- Installing: /home/tue/gim_control/install/gim_control/share/gim_control/meshes/base_link.STL
-- Installing: /home/tue/gim_control/install/gim_control/share/gim_control/meshes/upper_arm_link.STL
-- Installing: /home/tue/gim_control/install/gim_control/share/gim_control/meshes/lower_arm_link.STL
-- Installing: /home/tue/gim_control/install/gim_control/share/gim_control/meshes/shoulder_link.STL
-- Installing: /home/tue/gim_control/install/gim_control/share/gim_control/launch
-- Installing: /home/tue/gim_control/install/gim_control/share/gim_control/launch/display.launch.py
-- Installing: /home/tue/gim_control/install/gim_control/share/gim_control/launch/mujoco.launch.py
-- Installing: /home/tue/gim_control/install/gim_control/share/gim_control/rviz
-- Installing: /home/tue/gim_control/install/gim_control/share/gim_control/rviz/urdf.rviz
-- Installing: /home/tue/gim_control/install/gim_control/share/gim_control/config
-- Installing: /home/tue/gim_control/install/gim_control/share/gim_control/config/controllers.yaml
-- Installing: /home/tue/gim_control/install/gim_control/share/ament_index/resource_index/package_run_dependencies/gim_control
-- Installing: /home/tue/gim_control/install/gim_control/share/ament_index/resource_index/parent_prefix_path/gim_control
-- Installing: /home/tue/gim_control/install/gim_control/share/gim_control/environment/ament_prefix_path.sh
-- Installing: /home/tue/gim_control/install/gim_control/share/gim_control/environment/ament_prefix_path.dsv
-- Installing: /home/tue/gim_control/install/gim_control/share/gim_control/environment/path.sh
-- Installing: /home/tue/gim_control/install/gim_control/share/gim_control/environment/path.dsv
-- Installing: /home/tue/gim_control/install/gim_control/share/gim_control/local_setup.bash
-- Installing: /home/tue/gim_control/install/gim_control/share/gim_control/local_setup.sh
-- Installing: /home/tue/gim_control/install/gim_control/share/gim_control/local_setup.zsh
-- Installing: /home/tue/gim_control/install/gim_control/share/gim_control/local_setup.dsv
-- Installing: /home/tue/gim_control/install/gim_control/share/gim_control/package.dsv
-- Installing: /home/tue/gim_control/install/gim_control/share/ament_index/resource_index/packages/gim_control
-- Installing: /home/tue/gim_control/install/gim_control/share/gim_control/cmake/ament_cmake_export_dependencies-extras.cmake
-- Installing: /home/tue/gim_control/install/gim_control/share/gim_control/cmake/ament_cmake_export_libraries-extras.cmake
-- Installing: /home/tue/gim_control/install/gim_control/share/gim_control/cmake/gim_controlConfig.cmake
-- Installing: /home/tue/gim_control/install/gim_control/share/gim_control/cmake/gim_controlConfig-version.cmake
-- Installing: /home/tue/gim_control/install/gim_control/share/gim_control/package.xml
